Archive member included to satisfy reference by file (symbol)

d:/stm32cubeide_1.9.0/stm32cubeide/plugins/com.st.stm32cube.ide.mcu.externaltools.gnu-tools-for-stm32.10.3-2021.10.win32_1.0.0.202111181127/tools/bin/../lib/gcc/arm-none-eabi/10.3.1/../../../../arm-none-eabi/lib/thumb/v7e-m+fp/hard\libc_nano.a(lib_a-errno.o)
                              ./Core/Src/syscalls.o (__errno)
d:/stm32cubeide_1.9.0/stm32cubeide/plugins/com.st.stm32cube.ide.mcu.externaltools.gnu-tools-for-stm32.10.3-2021.10.win32_1.0.0.202111181127/tools/bin/../lib/gcc/arm-none-eabi/10.3.1/../../../../arm-none-eabi/lib/thumb/v7e-m+fp/hard\libc_nano.a(lib_a-exit.o)
                              d:/stm32cubeide_1.9.0/stm32cubeide/plugins/com.st.stm32cube.ide.mcu.externaltools.gnu-tools-for-stm32.10.3-2021.10.win32_1.0.0.202111181127/tools/bin/../lib/gcc/arm-none-eabi/10.3.1/../../../../arm-none-eabi/lib/thumb/v7e-m+fp/hard/crt0.o (exit)
d:/stm32cubeide_1.9.0/stm32cubeide/plugins/com.st.stm32cube.ide.mcu.externaltools.gnu-tools-for-stm32.10.3-2021.10.win32_1.0.0.202111181127/tools/bin/../lib/gcc/arm-none-eabi/10.3.1/../../../../arm-none-eabi/lib/thumb/v7e-m+fp/hard\libc_nano.a(lib_a-impure.o)
                              d:/stm32cubeide_1.9.0/stm32cubeide/plugins/com.st.stm32cube.ide.mcu.externaltools.gnu-tools-for-stm32.10.3-2021.10.win32_1.0.0.202111181127/tools/bin/../lib/gcc/arm-none-eabi/10.3.1/../../../../arm-none-eabi/lib/thumb/v7e-m+fp/hard\libc_nano.a(lib_a-exit.o) (_global_impure_ptr)
d:/stm32cubeide_1.9.0/stm32cubeide/plugins/com.st.stm32cube.ide.mcu.externaltools.gnu-tools-for-stm32.10.3-2021.10.win32_1.0.0.202111181127/tools/bin/../lib/gcc/arm-none-eabi/10.3.1/../../../../arm-none-eabi/lib/thumb/v7e-m+fp/hard\libc_nano.a(lib_a-init.o)
                              d:/stm32cubeide_1.9.0/stm32cubeide/plugins/com.st.stm32cube.ide.mcu.externaltools.gnu-tools-for-stm32.10.3-2021.10.win32_1.0.0.202111181127/tools/bin/../lib/gcc/arm-none-eabi/10.3.1/../../../../arm-none-eabi/lib/thumb/v7e-m+fp/hard/crt0.o (__libc_init_array)
d:/stm32cubeide_1.9.0/stm32cubeide/plugins/com.st.stm32cube.ide.mcu.externaltools.gnu-tools-for-stm32.10.3-2021.10.win32_1.0.0.202111181127/tools/bin/../lib/gcc/arm-none-eabi/10.3.1/../../../../arm-none-eabi/lib/thumb/v7e-m+fp/hard\libc_nano.a(lib_a-malloc.o)
                              ./Core/Src/buffer.o (malloc)
d:/stm32cubeide_1.9.0/stm32cubeide/plugins/com.st.stm32cube.ide.mcu.externaltools.gnu-tools-for-stm32.10.3-2021.10.win32_1.0.0.202111181127/tools/bin/../lib/gcc/arm-none-eabi/10.3.1/../../../../arm-none-eabi/lib/thumb/v7e-m+fp/hard\libc_nano.a(lib_a-memset.o)
                              d:/stm32cubeide_1.9.0/stm32cubeide/plugins/com.st.stm32cube.ide.mcu.externaltools.gnu-tools-for-stm32.10.3-2021.10.win32_1.0.0.202111181127/tools/bin/../lib/gcc/arm-none-eabi/10.3.1/../../../../arm-none-eabi/lib/thumb/v7e-m+fp/hard/crt0.o (memset)
d:/stm32cubeide_1.9.0/stm32cubeide/plugins/com.st.stm32cube.ide.mcu.externaltools.gnu-tools-for-stm32.10.3-2021.10.win32_1.0.0.202111181127/tools/bin/../lib/gcc/arm-none-eabi/10.3.1/../../../../arm-none-eabi/lib/thumb/v7e-m+fp/hard\libc_nano.a(lib_a-nano-freer.o)
                              d:/stm32cubeide_1.9.0/stm32cubeide/plugins/com.st.stm32cube.ide.mcu.externaltools.gnu-tools-for-stm32.10.3-2021.10.win32_1.0.0.202111181127/tools/bin/../lib/gcc/arm-none-eabi/10.3.1/../../../../arm-none-eabi/lib/thumb/v7e-m+fp/hard\libc_nano.a(lib_a-malloc.o) (_free_r)
d:/stm32cubeide_1.9.0/stm32cubeide/plugins/com.st.stm32cube.ide.mcu.externaltools.gnu-tools-for-stm32.10.3-2021.10.win32_1.0.0.202111181127/tools/bin/../lib/gcc/arm-none-eabi/10.3.1/../../../../arm-none-eabi/lib/thumb/v7e-m+fp/hard\libc_nano.a(lib_a-nano-mallocr.o)
                              d:/stm32cubeide_1.9.0/stm32cubeide/plugins/com.st.stm32cube.ide.mcu.externaltools.gnu-tools-for-stm32.10.3-2021.10.win32_1.0.0.202111181127/tools/bin/../lib/gcc/arm-none-eabi/10.3.1/../../../../arm-none-eabi/lib/thumb/v7e-m+fp/hard\libc_nano.a(lib_a-malloc.o) (_malloc_r)
d:/stm32cubeide_1.9.0/stm32cubeide/plugins/com.st.stm32cube.ide.mcu.externaltools.gnu-tools-for-stm32.10.3-2021.10.win32_1.0.0.202111181127/tools/bin/../lib/gcc/arm-none-eabi/10.3.1/../../../../arm-none-eabi/lib/thumb/v7e-m+fp/hard\libc_nano.a(lib_a-sbrkr.o)
                              d:/stm32cubeide_1.9.0/stm32cubeide/plugins/com.st.stm32cube.ide.mcu.externaltools.gnu-tools-for-stm32.10.3-2021.10.win32_1.0.0.202111181127/tools/bin/../lib/gcc/arm-none-eabi/10.3.1/../../../../arm-none-eabi/lib/thumb/v7e-m+fp/hard\libc_nano.a(lib_a-nano-mallocr.o) (_sbrk_r)
d:/stm32cubeide_1.9.0/stm32cubeide/plugins/com.st.stm32cube.ide.mcu.externaltools.gnu-tools-for-stm32.10.3-2021.10.win32_1.0.0.202111181127/tools/bin/../lib/gcc/arm-none-eabi/10.3.1/../../../../arm-none-eabi/lib/thumb/v7e-m+fp/hard\libc_nano.a(lib_a-sprintf.o)
                              ./Core/Src/boot_config.o (sprintf)
[...]
Memory Configuration

Name             Origin             Length             Attributes
CCMRAM           0x0000000010000000 0x0000000000010000 xrw
RAM              0x0000000020000000 0x0000000000030000 xrw
FLASH            0x0000000008000000 0x0000000000008000 xr
*default*        0x0000000000000000 0xffffffffffffffff

Linker script and memory map

LOAD d:/stm32cubeide_1.9.0/stm32cubeide/plugins/com.st.stm32cube.ide.mcu.externaltools.gnu-tools-for-stm32.10.3-2021.10.win32_1.0.0.202111181127/tools/bin/../lib/gcc/arm-none-eabi/10.3.1/thumb/v7e-m+fp/hard/crti.o
LOAD d:/stm32cubeide_1.9.0/stm32cubeide/plugins/com.st.stm32cube.ide.mcu.externaltools.gnu-tools-for-stm32.10.3-2021.10.win32_1.0.0.202111181127/tools/bin/../lib/gcc/arm-none-eabi/10.3.1/thumb/v7e-m+fp/hard/crtbegin.o
LOAD d:/stm32cubeide_1.9.0/stm32cubeide/plugins/com.st.stm32cube.ide.mcu.externaltools.gnu-tools-for-stm32.10.3-2021.10.win32_1.0.0.202111181127/tools/bin/../lib/gcc/arm-none-eabi/10.3.1/../../../../arm-none-eabi/lib/thumb/v7e-m+fp/hard/crt0.o
LOAD ./Core/Src/boot_config.o
LOAD ./Core/Src/buffer.o
LOAD ./Core/Src/command.o
LOAD ./Core/Src/flash.o
LOAD ./Core/Src/gpio.o
LOAD ./Core/Src/hex_parser.o
LOAD ./Core/Src/iwdg.o
LOAD ./Core/Src/main.o
LOAD ./Core/Src/menu.o
LOAD ./Core/Src/stm32f4xx_hal_msp.o
LOAD ./Core/Src/stm32f4xx_it.o
LOAD ./Core/Src/syscalls.o
LOAD ./Core/Src/sysmem.o
LOAD ./Core/Src/system_stm32f4xx.o
LOAD ./Core/Src/tim.o
LOAD ./Core/Src/uart.o
LOAD ./Core/Src/usart.o
LOAD ./Core/Src/xmodem.o
LOAD ./Core/Startup/startup_stm32f427vitx.o
LOAD ./Drivers/STM32F4xx_HAL_Driver/Src/stm32f4xx_hal.o
LOAD ./Drivers/STM32F4xx_HAL_Driver/Src/stm32f4xx_hal_cortex.o
LOAD ./Drivers/STM32F4xx_HAL_Driver/Src/stm32f4xx_hal_dma.o
LOAD ./Drivers/STM32F4xx_HAL_Driver/Src/stm32f4xx_hal_dma_ex.o
LOAD ./Drivers/STM32F4xx_HAL_Driver/Src/stm32f4xx_hal_exti.o
LOAD ./Drivers/STM32F4xx_HAL_Driver/Src/stm32f4xx_hal_flash.o
LOAD ./Drivers/STM32F4xx_HAL_Driver/Src/stm32f4xx_hal_flash_ex.o
LOAD ./Drivers/STM32F4xx_HAL_Driver/Src/stm32f4xx_hal_flash_ramfunc.o
LOAD ./Drivers/STM32F4xx_HAL_Driver/Src/stm32f4xx_hal_gpio.o
LOAD ./Drivers/STM32F4xx_HAL_Driver/Src/stm32f4xx_hal_iwdg.o
LOAD ./Drivers/STM32F4xx_HAL_Driver/Src/stm32f4xx_hal_pwr.o
LOAD ./Drivers/STM32F4xx_HAL_Driver/Src/stm32f4xx_hal_pwr_ex.o
LOAD ./Drivers/STM32F4xx_HAL_Driver/Src/stm32f4xx_hal_rcc.o
LOAD ./Drivers/STM32F4xx_HAL_Driver/Src/stm32f4xx_hal_rcc_ex.o
LOAD ./Drivers/STM32F4xx_HAL_Driver/Src/stm32f4xx_hal_tim.o
LOAD ./Drivers/STM32F4xx_HAL_Driver/Src/stm32f4xx_hal_tim_ex.o
LOAD ./Drivers/STM32F4xx_HAL_Driver/Src/stm32f4xx_hal_uart.o
START GROUP
LOAD d:/stm32cubeide_1.9.0/stm32cubeide/plugins/com.st.stm32cube.ide.mcu.externaltools.gnu-tools-for-stm32.10.3-2021.10.win32_1.0.0.202111181127/tools/bin/../lib/gcc/arm-none-eabi/10.3.1/../../../../arm-none-eabi/lib/thumb/v7e-m+fp/hard\libc_nano.a
LOAD d:/stm32cubeide_1.9.0/stm32cubeide/plugins/com.st.stm32cube.ide.mcu.externaltools.gnu-tools-for-stm32.10.3-2021.10.win32_1.0.0.202111181127/tools/bin/../lib/gcc/arm-none-eabi/10.3.1/../../../../arm-none-eabi/lib/thumb/v7e-m+fp/hard\libm.a
END GROUP
START GROUP
LOAD d:/stm32cubeide_1.9.0/stm32cubeide/plugins/com.st.stm32cube.ide.mcu.externaltools.gnu-tools-for-stm32.10.3-2021.10.win32_1.0.0.202111181127/tools/bin/../lib/gcc/arm-none-eabi/10.3.1/thumb/v7e-m+fp/hard\libgcc.a
LOAD d:/stm32cubeide_1.9.0/stm32cubeide/plugins/com.st.stm32cube.ide.mcu.externaltools.gnu-tools-for-stm32.10.3-2021.10.win32_1.0.0.202111181127/tools/bin/../lib/gcc/arm-none-eabi/10.3.1/../../../../arm-none-eabi/lib/thumb/v7e-m+fp/hard\libc_nano.a
END GROUP
START GROUP
LOAD d:/stm32cubeide_1.9.0/stm32cubeide/plugins/com.st.stm32cube.ide.mcu.externaltools.gnu-tools-for-stm32.10.3-2021.10.win32_1.0.0.202111181127/tools/bin/../lib/gcc/arm-none-eabi/10.3.1/thumb/v7e-m+fp/hard\libgcc.a
LOAD d:/stm32cubeide_1.9.0/stm32cubeide/plugins/com.st.stm32cube.ide.mcu.externaltools.gnu-tools-for-stm32.10.3-2021.10.win32_1.0.0.202111181127/tools/bin/../lib/gcc/arm-none-eabi/10.3.1/../../../../arm-none-eabi/lib/thumb/v7e-m+fp/hard\libc_nano.a
LOAD d:/stm32cubeide_1.9.0/stm32cubeide/plugins/com.st.stm32cube.ide.mcu.externaltools.gnu-tools-for-stm32.10.3-2021.10.win32_1.0.0.202111181127/tools/bin/../lib/gcc/arm-none-eabi/10.3.1/../../../../arm-none-eabi/lib/thumb/v7e-m+fp/hard\libnosys.a
END GROUP
START GROUP
LOAD d:/stm32cubeide_1.9.0/stm32cubeide/plugins/com.st.stm32cube.ide.mcu.externaltools.gnu-tools-for-stm32.10.3-2021.10.win32_1.0.0.202111181127/tools/bin/../lib/gcc/arm-none-eabi/10.3.1/thumb/v7e-m+fp/hard\libgcc.a
LOAD d:/stm32cubeide_1.9.0/stm32cubeide/plugins/com.st.stm32cube.ide.mcu.externaltools.gnu-tools-for-stm32.10.3-2021.10.win32_1.0.0.202111181127/tools/bin/../lib/gcc/arm-none-eabi/10.3.1/../../../../arm-none-eabi/lib/thumb/v7e-m+fp/hard\libc_nano.a
LOAD d:/stm32cubeide_1.9.0/stm32cubeide/plugins/com.st.stm32cube.ide.mcu.externaltools.gnu-tools-for-stm32.10.3-2021.10.win32_1.0.0.202111181127/tools/bin/../lib/gcc/arm-none-eabi/10.3.1/../../../../arm-none-eabi/lib/thumb/v7e-m+fp/hard\libnosys.a
END GROUP
LOAD d:/stm32cubeide_1.9.0/stm32cubeide/plugins/com.st.stm32cube.ide.mcu.externaltools.gnu-tools-for-stm32.10.3-2021.10.win32_1.0.0.202111181127/tools/bin/../lib/gcc/arm-none-eabi/10.3.1/thumb/v7e-m+fp/hard/crtend.o
LOAD d:/stm32cubeide_1.9.0/stm32cubeide/plugins/com.st.stm32cube.ide.mcu.externaltools.gnu-tools-for-stm32.10.3-2021.10.win32_1.0.0.202111181127/tools/bin/../lib/gcc/arm-none-eabi/10.3.1/thumb/v7e-m+fp/hard/crtn.o
                0x0000000020030000                _estack = (ORIGIN (RAM) + LENGTH (RAM))
                0x0000000000000200                _Min_Heap_Size = 0x200
                0x0000000000000400                _Min_Stack_Size = 0x400

.isr_vector     0x0000000008000000      0x1ac
                0x0000000008000000                . = ALIGN (0x4)
 *(.isr_vector)
 .isr_vector    0x0000000008000000      0x1ac ./Core/Startup/startup_stm32f427vitx.o
                0x0000000008000000                g_pfnVectors
                0x00000000080001ac                . = ALIGN (0x4)

.text           0x00000000080001b0     0x5d6c
                0x00000000080001b0                . = ALIGN (0x4)
 *(.text)
 .text          0x00000000080001b0       0x40 d:/stm32cubeide_1.9.0/stm32cubeide/plugins/com.st.stm32cube.ide.mcu.externaltools.gnu-tools-for-stm32.10.3-2021.10.win32_1.0.0.202111181127/tools/bin/../lib/gcc/arm-none-eabi/10.3.1/thumb/v7e-m+fp/hard/crtbegin.o
 .text          0x00000000080001f0       0x14 d:/stm32cubeide_1.9.0/stm32cubeide/plugins/com.st.stm32cube.ide.mcu.externaltools.gnu-tools-for-stm32.10.3-2021.10.win32_1.0.0.202111181127/tools/bin/../lib/gcc/arm-none-eabi/10.3.1/../../../../arm-none-eabi/lib/thumb/v7e-m+fp/hard\libc_nano.a(lib_a-strcmp.o)
                0x00000000080001f0                strcmp
 .text          0x0000000008000204       0x10 d:/stm32cubeide_1.9.0/stm32cubeide/plugins/com.st.stm32cube.ide.mcu.externaltools.gnu-tools-for-stm32.10.3-2021.10.win32_1.0.0.202111181127/tools/bin/../lib/gcc/arm-none-eabi/10.3.1/../../../../arm-none-eabi/lib/thumb/v7e-m+fp/hard\libc_nano.a(lib_a-strlen.o)
                0x0000000008000204                strlen
 *fill*         0x0000000008000214        0xc 
 .text          0x0000000008000220       0xa0 d:/stm32cubeide_1.9.0/stm32cubeide/plugins/com.st.stm32cube.ide.mcu.externaltools.gnu-tools-for-stm32.10.3-2021.10.win32_1.0.0.202111181127/tools/bin/../lib/gcc/arm-none-eabi/10.3.1/../../../../arm-none-eabi/lib/thumb/v7e-m+fp/hard\libc_nano.a(lib_a-memchr.o)
                0x0000000008000220                memchr
 .text          0x00000000080002c0       0x30 d:/stm32cubeide_1.9.0/stm32cubeide/plugins/com.st.stm32cube.ide.mcu.externaltools.gnu-tools-for-stm32.10.3-2021.10.win32_1.0.0.202111181127/tools/bin/../lib/gcc/arm-none-eabi/10.3.1/thumb/v7e-m+fp/hard\libgcc.a(_aeabi_uldivmod.o)
                0x00000000080002c0                __aeabi_uldivmod
 .text          0x00000000080002f0      0x2d0 d:/stm32cubeide_1.9.0/stm32cubeide/plugins/com.st.stm32cube.ide.mcu.externaltools.gnu-tools-for-stm32.10.3-2021.10.win32_1.0.0.202111181127/tools/bin/../lib/gcc/arm-none-eabi/10.3.1/thumb/v7e-m+fp/hard\libgcc.a(_udivmoddi4.o)
                0x00000000080002f0                __udivmoddi4
 .text          0x00000000080005c0        0x4 d:/stm32cubeide_1.9.0/stm32cubeide/plugins/com.st.stm32cube.ide.mcu.externaltools.gnu-tools-for-stm32.10.3-2021.10.win32_1.0.0.202111181127/tools/bin/../lib/gcc/arm-none-eabi/10.3.1/thumb/v7e-m+fp/hard\libgcc.a(_dvmd_tls.o)
                0x00000000080005c0                __aeabi_idiv0
                0x00000000080005c0                __aeabi_ldiv0
 *(.text*)
 .text.getVersions
                0x00000000080005c4       0xd0 ./Core/Src/boot_config.o
                0x00000000080005c4                getVersions
 .text.getLatestApplicationAddress
                0x0000000008000694       0x5c ./Core/Src/boot_config.o
                0x0000000008000694                getLatestApplicationAddress
 .text.updateConfig
                0x00000000080006f0       0xa8 ./Core/Src/boot_config.o
                0x00000000080006f0                updateConfig
 .text.rollbackConfig
                0x0000000008000798       0x3c ./Core/Src/boot_config.o
                0x0000000008000798                rollbackConfig
 .text.validateApplications
                0x00000000080007d4       0x6c ./Core/Src/boot_config.o
                0x00000000080007d4                validateApplications
 .text.jumpToApp
                0x0000000008000840       0xf0 ./Core/Src/boot_config.o
                0x0000000008000840                jumpToApp
 .text.eraseLogicalBank
                0x0000000008000930       0x2c ./Core/Src/boot_config.o
                0x0000000008000930                eraseLogicalBank
 .text.eraseLogicalBank1
                0x000000000800095c       0x3e ./Core/Src/boot_config.o
                0x000000000800095c                eraseLogicalBank1
 .text.eraseLogicalBank2
                0x000000000800099a       0x4a ./Core/Src/boot_config.o
                0x000000000800099a                eraseLogicalBank2
 .text.bufferCreate
                0x00000000080009e4       0x3a ./Core/Src/buffer.o
                0x00000000080009e4                bufferCreate
 .text.bufferPush
                0x0000000008000a1e       0x62 ./Core/Src/buffer.o
                0x0000000008000a1e                bufferPush
 .text.bufferPushValues
                0x0000000008000a80       0x46 ./Core/Src/buffer.o
                0x0000000008000a80                bufferPushValues
 .text.bufferPop
                0x0000000008000ac6       0x5a ./Core/Src/buffer.o
                0x0000000008000ac6                bufferPop
 .text.bufferClear
                0x0000000008000b20       0x2a ./Core/Src/buffer.o
                0x0000000008000b20                bufferClear
 .text.bufferHasValues
                0x0000000008000b4a       0x22 ./Core/Src/buffer.o
                0x0000000008000b4a                bufferHasValues
 .text.bufferPopValues
                0x0000000008000b6c       0x62 ./Core/Src/buffer.o
                0x0000000008000b6c                bufferPopValues
 .text.bufferGetSize
                0x0000000008000bce       0x18 ./Core/Src/buffer.o
                0x0000000008000bce                bufferGetSize
 .text.bufferGetFreeSize
                0x0000000008000be6       0x20 ./Core/Src/buffer.o
                0x0000000008000be6                bufferGetFreeSize
 *fill*         0x0000000008000c06        0x2 
 .text.disableInt
                0x0000000008000c08       0x28 ./Core/Src/buffer.o
 .text.enableInt
                0x0000000008000c30       0x24 ./Core/Src/buffer.o
 .text.commandCreate
                0x0000000008000c54       0x52 ./Core/Src/command.o
                0x0000000008000c54                commandCreate
 *fill*         0x0000000008000ca6        0x2 
 .text.commandExecute
                0x0000000008000ca8       0xa0 ./Core/Src/command.o
                0x0000000008000ca8                commandExecute
 .text.parseInt
                0x0000000008000d48       0x38 ./Core/Src/command.o
 .text.parseOnOffStatus
                0x0000000008000d80       0x4c ./Core/Src/command.o
 .text.commandGetName
                0x0000000008000dcc       0x22 ./Core/Src/command.o
                0x0000000008000dcc                commandGetName
 .text.FlashWriteWord
                0x0000000008000dee       0x2e ./Core/Src/flash.o
                0x0000000008000dee                FlashWriteWord
 .text.FlashReadWord
                0x0000000008000e1c       0x18 ./Core/Src/flash.o
                0x0000000008000e1c                FlashReadWord
 .text.EraseSector
                0x0000000008000e34       0x40 ./Core/Src/flash.o
                0x0000000008000e34                EraseSector
 .text.MX_GPIO_Init
                0x0000000008000e74       0x6c ./Core/Src/gpio.o
                0x0000000008000e74                MX_GPIO_Init
 .text.asciiToHex
                0x0000000008000ee0       0x70 ./Core/Src/hex_parser.o
                0x0000000008000ee0                asciiToHex
 .text.fillBuffer
                0x0000000008000f50       0x62 ./Core/Src/hex_parser.o
                0x0000000008000f50                fillBuffer
 *fill*         0x0000000008000fb2        0x2 
 .text.flashHex
                0x0000000008000fb4      0x334 ./Core/Src/hex_parser.o
                0x0000000008000fb4                flashHex
 .text.MX_IWDG_Init
                0x00000000080012e8       0x34 ./Core/Src/iwdg.o
                0x00000000080012e8                MX_IWDG_Init
 .text.main     0x000000000800131c       0xe4 ./Core/Src/main.o
                0x000000000800131c                main
 .text.SystemClock_Config
                0x0000000008001400       0xd8 ./Core/Src/main.o
                0x0000000008001400                SystemClock_Config
 .text.jumpToUserApp
                0x00000000080014d8       0x28 ./Core/Src/main.o
 .text.getHelpInfo
                0x0000000008001500       0x14 ./Core/Src/main.o
 .text.downloadFirmware
                0x0000000008001514       0x48 ./Core/Src/main.o
 .text.getAppVersions
                0x000000000800155c       0x12 ./Core/Src/main.o
 *fill*         0x000000000800156e        0x2 
 .text.receiveAndSendChar
                0x0000000008001570       0x60 ./Core/Src/main.o
 .text.sendCommandResult
                0x00000000080015d0       0x38 ./Core/Src/main.o
 .text.sendMessage
                0x0000000008001608       0x22 ./Core/Src/main.o
 .text.Error_Handler
                0x000000000800162a        0xa ./Core/Src/main.o
                0x000000000800162a                Error_Handler
 .text.menuInit
                0x0000000008001634       0x68 ./Core/Src/menu.o
                0x0000000008001634                menuInit
 .text.menuExecuteCommand
                0x000000000800169c       0xa4 ./Core/Src/menu.o
                0x000000000800169c                menuExecuteCommand
 .text.isSpaceChar
                0x0000000008001740       0x36 ./Core/Src/menu.o
 .text.strTrim  0x0000000008001776       0x4e ./Core/Src/menu.o
 .text.commandSepNameFromArg
                0x00000000080017c4       0x42 ./Core/Src/menu.o
 *fill*         0x0000000008001806        0x2 
 .text.HAL_MspInit
                0x0000000008001808       0x50 ./Core/Src/stm32f4xx_hal_msp.o
                0x0000000008001808                HAL_MspInit
 .text.NMI_Handler
                0x0000000008001858        0x6 ./Core/Src/stm32f4xx_it.o
                0x0000000008001858                NMI_Handler
 .text.HardFault_Handler
                0x000000000800185e        0x6 ./Core/Src/stm32f4xx_it.o
                0x000000000800185e                HardFault_Handler
 .text.MemManage_Handler
                0x0000000008001864        0x6 ./Core/Src/stm32f4xx_it.o
                0x0000000008001864                MemManage_Handler
 .text.BusFault_Handler
                0x000000000800186a        0x6 ./Core/Src/stm32f4xx_it.o
                0x000000000800186a                BusFault_Handler
 .text.UsageFault_Handler
                0x0000000008001870        0x6 ./Core/Src/stm32f4xx_it.o
                0x0000000008001870                UsageFault_Handler
 .text.SVC_Handler
                0x0000000008001876        0xe ./Core/Src/stm32f4xx_it.o
                0x0000000008001876                SVC_Handler
 .text.DebugMon_Handler
                0x0000000008001884        0xe ./Core/Src/stm32f4xx_it.o
                0x0000000008001884                DebugMon_Handler
 .text.PendSV_Handler
                0x0000000008001892        0xe ./Core/Src/stm32f4xx_it.o
                0x0000000008001892                PendSV_Handler
 .text.SysTick_Handler
                0x00000000080018a0        0xc ./Core/Src/stm32f4xx_it.o
                0x00000000080018a0                SysTick_Handler
 .text.TIM6_DAC_IRQHandler
                0x00000000080018ac       0x14 ./Core/Src/stm32f4xx_it.o
                0x00000000080018ac                TIM6_DAC_IRQHandler
 .text.USART6_IRQHandler
                0x00000000080018c0       0x14 ./Core/Src/stm32f4xx_it.o
                0x00000000080018c0                USART6_IRQHandler
 .text._sbrk    0x00000000080018d4       0x6c ./Core/Src/sysmem.o
                0x00000000080018d4                _sbrk
 .text.SystemInit
                0x0000000008001940       0x24 ./Core/Src/system_stm32f4xx.o
                0x0000000008001940                SystemInit
 .text.MX_TIM6_Init
                0x0000000008001964       0x6c ./Core/Src/tim.o
                0x0000000008001964                MX_TIM6_Init
 .text.HAL_TIM_Base_MspInit
                0x00000000080019d0       0x50 ./Core/Src/tim.o
                0x00000000080019d0                HAL_TIM_Base_MspInit
 .text.HAL_TIM_PeriodElapsedCallback
                0x0000000008001a20       0x24 ./Core/Src/tim.o
                0x0000000008001a20                HAL_TIM_PeriodElapsedCallback
 .text.uartHardwareTransmitInterrupt
                0x0000000008001a44       0x30 ./Core/Src/uart.o
                0x0000000008001a44                uartHardwareTransmitInterrupt
 .text.HAL_UART_TxCpltCallback
                0x0000000008001a74       0x20 ./Core/Src/uart.o
                0x0000000008001a74                HAL_UART_TxCpltCallback
 .text.uartHardwareReceiveInterrupt
                0x0000000008001a94       0x20 ./Core/Src/uart.o
                0x0000000008001a94                uartHardwareReceiveInterrupt
 .text.HAL_UART_RxCpltCallback
                0x0000000008001ab4       0x2c ./Core/Src/uart.o
                0x0000000008001ab4                HAL_UART_RxCpltCallback
 .text.uartHardwareDisableInterrupts
                0x0000000008001ae0       0x18 ./Core/Src/uart.o
                0x0000000008001ae0                uartHardwareDisableInterrupts
 .text.MX_USART6_UART_Init
                0x0000000008001af8       0x54 ./Core/Src/usart.o
                0x0000000008001af8                MX_USART6_UART_Init
 .text.HAL_UART_MspInit
                0x0000000008001b4c       0xa0 ./Core/Src/usart.o
                0x0000000008001b4c                HAL_UART_MspInit
 .text.uartTransmit
                0x0000000008001bec       0x48 ./Core/Src/usart.o
                0x0000000008001bec                uartTransmit
 .text.uartTransmitChar
                0x0000000008001c34       0x48 ./Core/Src/usart.o
                0x0000000008001c34                uartTransmitChar
 .text.uartHasNext
                0x0000000008001c7c       0x18 ./Core/Src/usart.o
                0x0000000008001c7c                uartHasNext
 .text.uartInit
                0x0000000008001c94       0x2c ./Core/Src/usart.o
                0x0000000008001c94                uartInit
 .text.uartReceive
                0x0000000008001cc0       0x40 ./Core/Src/usart.o
                0x0000000008001cc0                uartReceive
 .text.uartEnableInterruption
                0x0000000008001d00       0x24 ./Core/Src/usart.o
                0x0000000008001d00                uartEnableInterruption
 .text.uartDisableInterruption
                0x0000000008001d24       0x18 ./Core/Src/usart.o
                0x0000000008001d24                uartDisableInterruption
 .text.hardwareReceiveIT
                0x0000000008001d3c        0xc ./Core/Src/usart.o
 .text.hardwareTransmitIT
                0x0000000008001d48       0x50 ./Core/Src/usart.o
 .text.uartReceiveIntCallback
                0x0000000008001d98       0x5c ./Core/Src/usart.o
                0x0000000008001d98                uartReceiveIntCallback
 .text.uartTransmitIntCallback
                0x0000000008001df4       0x24 ./Core/Src/usart.o
                0x0000000008001df4                uartTransmitIntCallback
 .text.isRxStarted
                0x0000000008001e18       0x18 ./Core/Src/usart.o
                0x0000000008001e18                isRxStarted
 .text.xmodemReceive
                0x0000000008001e30      0x124 ./Core/Src/xmodem.o
                0x0000000008001e30                xmodemReceive
 .text.xmodemCalcCrc
                0x0000000008001f54       0x74 ./Core/Src/xmodem.o
 .text.xmodem_handle_packet
                0x0000000008001fc8      0x118 ./Core/Src/xmodem.o
 .text.xmodem_error_handler
                0x00000000080020e0       0x6c ./Core/Src/xmodem.o
 .text.addRemainingDataToCurrentBuf
                0x000000000800214c       0x94 ./Core/Src/xmodem.o
                0x000000000800214c                addRemainingDataToCurrentBuf
 .text.cutBuf   0x00000000080021e0       0x9c ./Core/Src/xmodem.o
                0x00000000080021e0                cutBuf
 .text.Reset_Handler
                0x000000000800227c       0x50 ./Core/Startup/startup_stm32f427vitx.o
                0x000000000800227c                Reset_Handler
 .text.Default_Handler
                0x00000000080022cc        0x2 ./Core/Startup/startup_stm32f427vitx.o
                0x00000000080022cc                RTC_Alarm_IRQHandler
                0x00000000080022cc                HASH_RNG_IRQHandler
                0x00000000080022cc                EXTI2_IRQHandler
                0x00000000080022cc                TIM8_CC_IRQHandler
                0x00000000080022cc                UART8_IRQHandler
                0x00000000080022cc                SPI4_IRQHandler
                0x00000000080022cc                TIM1_CC_IRQHandler
                0x00000000080022cc                DMA2_Stream5_IRQHandler
                0x00000000080022cc                DMA1_Stream5_IRQHandler
                0x00000000080022cc                PVD_IRQHandler
                0x00000000080022cc                SDIO_IRQHandler
                0x00000000080022cc                TAMP_STAMP_IRQHandler
                0x00000000080022cc                CAN2_RX1_IRQHandler
                0x00000000080022cc                EXTI3_IRQHandler
                0x00000000080022cc                TIM8_TRG_COM_TIM14_IRQHandler
                0x00000000080022cc                TIM1_UP_TIM10_IRQHandler
                0x00000000080022cc                TIM8_UP_TIM13_IRQHandler
                0x00000000080022cc                I2C3_ER_IRQHandler
                0x00000000080022cc                EXTI0_IRQHandler
                0x00000000080022cc                I2C2_EV_IRQHandler
                0x00000000080022cc                DMA1_Stream2_IRQHandler
                0x00000000080022cc                CAN1_RX0_IRQHandler
                0x00000000080022cc                FPU_IRQHandler
                0x00000000080022cc                OTG_HS_WKUP_IRQHandler
                0x00000000080022cc                CAN2_SCE_IRQHandler
                0x00000000080022cc                DMA2_Stream2_IRQHandler
                0x00000000080022cc                SPI1_IRQHandler
                0x00000000080022cc                TIM1_BRK_TIM9_IRQHandler
                0x00000000080022cc                DCMI_IRQHandler
                0x00000000080022cc                CAN2_RX0_IRQHandler
                0x00000000080022cc                DMA2_Stream3_IRQHandler
                0x00000000080022cc                USART3_IRQHandler
                0x00000000080022cc                CAN1_RX1_IRQHandler
                0x00000000080022cc                UART5_IRQHandler
                0x00000000080022cc                DMA2_Stream0_IRQHandler
                0x00000000080022cc                TIM4_IRQHandler
                0x00000000080022cc                I2C1_EV_IRQHandler
                0x00000000080022cc                DMA1_Stream6_IRQHandler
                0x00000000080022cc                DMA1_Stream1_IRQHandler
                0x00000000080022cc                UART4_IRQHandler
                0x00000000080022cc                TIM3_IRQHandler
                0x00000000080022cc                RCC_IRQHandler
                0x00000000080022cc                TIM8_BRK_TIM12_IRQHandler
                0x00000000080022cc                Default_Handler
                0x00000000080022cc                EXTI15_10_IRQHandler
                0x00000000080022cc                ADC_IRQHandler
                0x00000000080022cc                DMA1_Stream7_IRQHandler
                0x00000000080022cc                SPI5_IRQHandler
                0x00000000080022cc                TIM7_IRQHandler
                0x00000000080022cc                CAN2_TX_IRQHandler
                0x00000000080022cc                TIM5_IRQHandler
                0x00000000080022cc                DMA2_Stream7_IRQHandler
                0x00000000080022cc                I2C3_EV_IRQHandler
                0x00000000080022cc                EXTI9_5_IRQHandler
                0x00000000080022cc                RTC_WKUP_IRQHandler
                0x00000000080022cc                ETH_WKUP_IRQHandler
                0x00000000080022cc                SPI2_IRQHandler
                0x00000000080022cc                OTG_HS_EP1_IN_IRQHandler
                0x00000000080022cc                DMA1_Stream0_IRQHandler
                0x00000000080022cc                CAN1_TX_IRQHandler
                0x00000000080022cc                EXTI4_IRQHandler
                0x00000000080022cc                ETH_IRQHandler
                0x00000000080022cc                OTG_HS_EP1_OUT_IRQHandler
                0x00000000080022cc                WWDG_IRQHandler
                0x00000000080022cc                SPI6_IRQHandler
                0x00000000080022cc                TIM2_IRQHandler
                0x00000000080022cc                OTG_FS_WKUP_IRQHandler
                0x00000000080022cc                TIM1_TRG_COM_TIM11_IRQHandler
                0x00000000080022cc                OTG_HS_IRQHandler
                0x00000000080022cc                DMA2D_IRQHandler
                0x00000000080022cc                EXTI1_IRQHandler
                0x00000000080022cc                UART7_IRQHandler
                0x00000000080022cc                USART2_IRQHandler
                0x00000000080022cc                I2C2_ER_IRQHandler
                0x00000000080022cc                DMA2_Stream1_IRQHandler
                0x00000000080022cc                CAN1_SCE_IRQHandler
                0x00000000080022cc                FLASH_IRQHandler
                0x00000000080022cc                DMA2_Stream4_IRQHandler
                0x00000000080022cc                USART1_IRQHandler
                0x00000000080022cc                OTG_FS_IRQHandler
                0x00000000080022cc                SPI3_IRQHandler
                0x00000000080022cc                DMA1_Stream4_IRQHandler
                0x00000000080022cc                I2C1_ER_IRQHandler
                0x00000000080022cc                FMC_IRQHandler
                0x00000000080022cc                DMA2_Stream6_IRQHandler
                0x00000000080022cc                SAI1_IRQHandler
                0x00000000080022cc                DMA1_Stream3_IRQHandler
 *fill*         0x00000000080022ce        0x2 
 .text.HAL_Init
                0x00000000080022d0       0x44 ./Drivers/STM32F4xx_HAL_Driver/Src/stm32f4xx_hal.o
                0x00000000080022d0                HAL_Init
 .text.HAL_DeInit
                0x0000000008002314       0x58 ./Drivers/STM32F4xx_HAL_Driver/Src/stm32f4xx_hal.o
                0x0000000008002314                HAL_DeInit
 .text.HAL_MspDeInit
                0x000000000800236c        0xe ./Drivers/STM32F4xx_HAL_Driver/Src/stm32f4xx_hal.o
                0x000000000800236c                HAL_MspDeInit
 *fill*         0x000000000800237a        0x2 
 .text.HAL_InitTick
                0x000000000800237c       0x60 ./Drivers/STM32F4xx_HAL_Driver/Src/stm32f4xx_hal.o
                0x000000000800237c                HAL_InitTick
 .text.HAL_IncTick
                0x00000000080023dc       0x28 ./Drivers/STM32F4xx_HAL_Driver/Src/stm32f4xx_hal.o
                0x00000000080023dc                HAL_IncTick
 .text.HAL_GetTick
                0x0000000008002404       0x18 ./Drivers/STM32F4xx_HAL_Driver/Src/stm32f4xx_hal.o
                0x0000000008002404                HAL_GetTick
 .text.HAL_Delay
                0x000000000800241c       0x48 ./Drivers/STM32F4xx_HAL_Driver/Src/stm32f4xx_hal.o
                0x000000000800241c                HAL_Delay
 .text.__NVIC_SetPriorityGrouping
                0x0000000008002464       0x48 ./Drivers/STM32F4xx_HAL_Driver/Src/stm32f4xx_hal_cortex.o
 .text.__NVIC_GetPriorityGrouping
                0x00000000080024ac       0x1c ./Drivers/STM32F4xx_HAL_Driver/Src/stm32f4xx_hal_cortex.o
 .text.__NVIC_EnableIRQ
                0x00000000080024c8       0x3c ./Drivers/STM32F4xx_HAL_Driver/Src/stm32f4xx_hal_cortex.o
 .text.__NVIC_DisableIRQ
                0x0000000008002504       0x48 ./Drivers/STM32F4xx_HAL_Driver/Src/stm32f4xx_hal_cortex.o
 .text.__NVIC_SetPriority
                0x000000000800254c       0x54 ./Drivers/STM32F4xx_HAL_Driver/Src/stm32f4xx_hal_cortex.o
 .text.NVIC_EncodePriority
                0x00000000080025a0       0x66 ./Drivers/STM32F4xx_HAL_Driver/Src/stm32f4xx_hal_cortex.o
 *fill*         0x0000000008002606        0x2 
 .text.SysTick_Config
                0x0000000008002608       0x44 ./Drivers/STM32F4xx_HAL_Driver/Src/stm32f4xx_hal_cortex.o
 .text.HAL_NVIC_SetPriorityGrouping
                0x000000000800264c       0x16 ./Drivers/STM32F4xx_HAL_Driver/Src/stm32f4xx_hal_cortex.o
                0x000000000800264c                HAL_NVIC_SetPriorityGrouping
 .text.HAL_NVIC_SetPriority
                0x0000000008002662       0x38 ./Drivers/STM32F4xx_HAL_Driver/Src/stm32f4xx_hal_cortex.o
                0x0000000008002662                HAL_NVIC_SetPriority
 .text.HAL_NVIC_EnableIRQ
                0x000000000800269a       0x1c ./Drivers/STM32F4xx_HAL_Driver/Src/stm32f4xx_hal_cortex.o
                0x000000000800269a                HAL_NVIC_EnableIRQ
 .text.HAL_NVIC_DisableIRQ
                0x00000000080026b6       0x1c ./Drivers/STM32F4xx_HAL_Driver/Src/stm32f4xx_hal_cortex.o
                0x00000000080026b6                HAL_NVIC_DisableIRQ
 .text.HAL_SYSTICK_Config
                0x00000000080026d2       0x18 ./Drivers/STM32F4xx_HAL_Driver/Src/stm32f4xx_hal_cortex.o
                0x00000000080026d2                HAL_SYSTICK_Config
 .text.HAL_DMA_Abort
                0x00000000080026ea       0xe0 ./Drivers/STM32F4xx_HAL_Driver/Src/stm32f4xx_hal_dma.o
                0x00000000080026ea                HAL_DMA_Abort
 .text.HAL_DMA_Abort_IT
                0x00000000080027ca       0x44 ./Drivers/STM32F4xx_HAL_Driver/Src/stm32f4xx_hal_dma.o
                0x00000000080027ca                HAL_DMA_Abort_IT
 .text.HAL_DMA_GetError
                0x000000000800280e       0x18 ./Drivers/STM32F4xx_HAL_Driver/Src/stm32f4xx_hal_dma.o
                0x000000000800280e                HAL_DMA_GetError
 *fill*         0x0000000008002826        0x2 
 .text.HAL_FLASH_Program
                0x0000000008002828       0xa8 ./Drivers/STM32F4xx_HAL_Driver/Src/stm32f4xx_hal_flash.o
                0x0000000008002828                HAL_FLASH_Program
 .text.HAL_FLASH_Unlock
                0x00000000080028d0       0x44 ./Drivers/STM32F4xx_HAL_Driver/Src/stm32f4xx_hal_flash.o
                0x00000000080028d0                HAL_FLASH_Unlock
 .text.HAL_FLASH_Lock
                0x0000000008002914       0x20 ./Drivers/STM32F4xx_HAL_Driver/Src/stm32f4xx_hal_flash.o
                0x0000000008002914                HAL_FLASH_Lock
 .text.FLASH_WaitForLastOperation
                0x0000000008002934       0x80 ./Drivers/STM32F4xx_HAL_Driver/Src/stm32f4xx_hal_flash.o
                0x0000000008002934                FLASH_WaitForLastOperation
 .text.FLASH_Program_DoubleWord
                0x00000000080029b4       0x64 ./Drivers/STM32F4xx_HAL_Driver/Src/stm32f4xx_hal_flash.o
 .text.FLASH_Program_Word
                0x0000000008002a18       0x44 ./Drivers/STM32F4xx_HAL_Driver/Src/stm32f4xx_hal_flash.o
 .text.FLASH_Program_HalfWord
                0x0000000008002a5c       0x48 ./Drivers/STM32F4xx_HAL_Driver/Src/stm32f4xx_hal_flash.o
 .text.FLASH_Program_Byte
                0x0000000008002aa4       0x44 ./Drivers/STM32F4xx_HAL_Driver/Src/stm32f4xx_hal_flash.o
 .text.FLASH_SetErrorCode
                0x0000000008002ae8       0xcc ./Drivers/STM32F4xx_HAL_Driver/Src/stm32f4xx_hal_flash.o
 .text.HAL_FLASHEx_Erase
                0x0000000008002bb4       0xe4 ./Drivers/STM32F4xx_HAL_Driver/Src/stm32f4xx_hal_flash_ex.o
                0x0000000008002bb4                HAL_FLASHEx_Erase
 .text.FLASH_MassErase
                0x0000000008002c98       0x74 ./Drivers/STM32F4xx_HAL_Driver/Src/stm32f4xx_hal_flash_ex.o
 .text.FLASH_Erase_Sector
                0x0000000008002d0c       0x9c ./Drivers/STM32F4xx_HAL_Driver/Src/stm32f4xx_hal_flash_ex.o
                0x0000000008002d0c                FLASH_Erase_Sector
 .text.FLASH_FlushCaches
                0x0000000008002da8       0x8c ./Drivers/STM32F4xx_HAL_Driver/Src/stm32f4xx_hal_flash_ex.o
                0x0000000008002da8                FLASH_FlushCaches
 .text.HAL_GPIO_Init
                0x0000000008002e34      0x358 ./Drivers/STM32F4xx_HAL_Driver/Src/stm32f4xx_hal_gpio.o
                0x0000000008002e34                HAL_GPIO_Init
 .text.HAL_IWDG_Init
                0x000000000800318c       0x84 ./Drivers/STM32F4xx_HAL_Driver/Src/stm32f4xx_hal_iwdg.o
                0x000000000800318c                HAL_IWDG_Init
 .text.HAL_IWDG_Refresh
                0x0000000008003210       0x20 ./Drivers/STM32F4xx_HAL_Driver/Src/stm32f4xx_hal_iwdg.o
                0x0000000008003210                HAL_IWDG_Refresh
 .text.HAL_RCC_OscConfig
                0x0000000008003230      0x4f0 ./Drivers/STM32F4xx_HAL_Driver/Src/stm32f4xx_hal_rcc.o
                0x0000000008003230                HAL_RCC_OscConfig
 .text.HAL_RCC_ClockConfig
                0x0000000008003720      0x1cc ./Drivers/STM32F4xx_HAL_Driver/Src/stm32f4xx_hal_rcc.o
                0x0000000008003720                HAL_RCC_ClockConfig
 .text.HAL_RCC_GetSysClockFreq
                0x00000000080038ec      0x18c ./Drivers/STM32F4xx_HAL_Driver/Src/stm32f4xx_hal_rcc.o
                0x00000000080038ec                HAL_RCC_GetSysClockFreq
 .text.HAL_RCC_GetHCLKFreq
                0x0000000008003a78       0x18 ./Drivers/STM32F4xx_HAL_Driver/Src/stm32f4xx_hal_rcc.o
                0x0000000008003a78                HAL_RCC_GetHCLKFreq
 .text.HAL_RCC_GetPCLK1Freq
                0x0000000008003a90       0x28 ./Drivers/STM32F4xx_HAL_Driver/Src/stm32f4xx_hal_rcc.o
                0x0000000008003a90                HAL_RCC_GetPCLK1Freq
 .text.HAL_RCC_GetPCLK2Freq
                0x0000000008003ab8       0x28 ./Drivers/STM32F4xx_HAL_Driver/Src/stm32f4xx_hal_rcc.o
                0x0000000008003ab8                HAL_RCC_GetPCLK2Freq
 .text.HAL_RCC_DeInit
                0x0000000008003ae0      0x1f0 ./Drivers/STM32F4xx_HAL_Driver/Src/stm32f4xx_hal_rcc_ex.o
                0x0000000008003ae0                HAL_RCC_DeInit
 .text.HAL_TIM_Base_Init
                0x0000000008003cd0       0x9e ./Drivers/STM32F4xx_HAL_Driver/Src/stm32f4xx_hal_tim.o
                0x0000000008003cd0                HAL_TIM_Base_Init
 *fill*         0x0000000008003d6e        0x2 
 .text.HAL_TIM_Base_Start_IT
                0x0000000008003d70       0xe0 ./Drivers/STM32F4xx_HAL_Driver/Src/stm32f4xx_hal_tim.o
                0x0000000008003d70                HAL_TIM_Base_Start_IT
 .text.HAL_TIM_Base_Stop_IT
                0x0000000008003e50       0x5e ./Drivers/STM32F4xx_HAL_Driver/Src/stm32f4xx_hal_tim.o
                0x0000000008003e50                HAL_TIM_Base_Stop_IT
 .text.HAL_TIM_IRQHandler
                0x0000000008003eae      0x210 ./Drivers/STM32F4xx_HAL_Driver/Src/stm32f4xx_hal_tim.o
                0x0000000008003eae                HAL_TIM_IRQHandler
 .text.HAL_TIM_OC_DelayElapsedCallback
                0x00000000080040be       0x14 ./Drivers/STM32F4xx_HAL_Driver/Src/stm32f4xx_hal_tim.o
                0x00000000080040be                HAL_TIM_OC_DelayElapsedCallback
 .text.HAL_TIM_IC_CaptureCallback
                0x00000000080040d2       0x14 ./Drivers/STM32F4xx_HAL_Driver/Src/stm32f4xx_hal_tim.o
                0x00000000080040d2                HAL_TIM_IC_CaptureCallback
 .text.HAL_TIM_PWM_PulseFinishedCallback
                0x00000000080040e6       0x14 ./Drivers/STM32F4xx_HAL_Driver/Src/stm32f4xx_hal_tim.o
                0x00000000080040e6                HAL_TIM_PWM_PulseFinishedCallback
 .text.HAL_TIM_TriggerCallback
                0x00000000080040fa       0x14 ./Drivers/STM32F4xx_HAL_Driver/Src/stm32f4xx_hal_tim.o
                0x00000000080040fa                HAL_TIM_TriggerCallback
 *fill*         0x000000000800410e        0x2 
 .text.TIM_Base_SetConfig
                0x0000000008004110      0x140 ./Drivers/STM32F4xx_HAL_Driver/Src/stm32f4xx_hal_tim.o
                0x0000000008004110                TIM_Base_SetConfig
 .text.HAL_TIMEx_MasterConfigSynchronization
                0x0000000008004250       0xf8 ./Drivers/STM32F4xx_HAL_Driver/Src/stm32f4xx_hal_tim_ex.o
                0x0000000008004250                HAL_TIMEx_MasterConfigSynchronization
 .text.HAL_TIMEx_CommutCallback
                0x0000000008004348       0x14 ./Drivers/STM32F4xx_HAL_Driver/Src/stm32f4xx_hal_tim_ex.o
                0x0000000008004348                HAL_TIMEx_CommutCallback
 .text.HAL_TIMEx_BreakCallback
                0x000000000800435c       0x14 ./Drivers/STM32F4xx_HAL_Driver/Src/stm32f4xx_hal_tim_ex.o
                0x000000000800435c                HAL_TIMEx_BreakCallback
 .text.HAL_UART_Init
                0x0000000008004370       0x9a ./Drivers/STM32F4xx_HAL_Driver/Src/stm32f4xx_hal_uart.o
                0x0000000008004370                HAL_UART_Init
 .text.HAL_UART_Transmit_IT
                0x000000000800440a       0x8a ./Drivers/STM32F4xx_HAL_Driver/Src/stm32f4xx_hal_uart.o
                0x000000000800440a                HAL_UART_Transmit_IT
 .text.HAL_UART_Receive_IT
                0x0000000008004494       0x60 ./Drivers/STM32F4xx_HAL_Driver/Src/stm32f4xx_hal_uart.o
                0x0000000008004494                HAL_UART_Receive_IT
 .text.HAL_UART_Abort
                0x00000000080044f4      0x1d6 ./Drivers/STM32F4xx_HAL_Driver/Src/stm32f4xx_hal_uart.o
                0x00000000080044f4                HAL_UART_Abort
 *fill*         0x00000000080046ca        0x2 
 .text.HAL_UART_IRQHandler
                0x00000000080046cc      0x51c ./Drivers/STM32F4xx_HAL_Driver/Src/stm32f4xx_hal_uart.o
                0x00000000080046cc                HAL_UART_IRQHandler
 .text.HAL_UART_ErrorCallback
                0x0000000008004be8       0x14 ./Drivers/STM32F4xx_HAL_Driver/Src/stm32f4xx_hal_uart.o
                0x0000000008004be8                HAL_UART_ErrorCallback
 .text.HAL_UARTEx_RxEventCallback
                0x0000000008004bfc       0x18 ./Drivers/STM32F4xx_HAL_Driver/Src/stm32f4xx_hal_uart.o
                0x0000000008004bfc                HAL_UARTEx_RxEventCallback
 .text.UART_Start_Receive_IT
                0x0000000008004c14       0x7c ./Drivers/STM32F4xx_HAL_Driver/Src/stm32f4xx_hal_uart.o
                0x0000000008004c14                UART_Start_Receive_IT
 .text.UART_EndRxTransfer
                0x0000000008004c90       0xc6 ./Drivers/STM32F4xx_HAL_Driver/Src/stm32f4xx_hal_uart.o
 .text.UART_DMAAbortOnError
                0x0000000008004d56       0x28 ./Drivers/STM32F4xx_HAL_Driver/Src/stm32f4xx_hal_uart.o
 .text.UART_Transmit_IT
                0x0000000008004d7e       0xa0 ./Drivers/STM32F4xx_HAL_Driver/Src/stm32f4xx_hal_uart.o
 .text.UART_EndTransmit_IT
                0x0000000008004e1e       0x30 ./Drivers/STM32F4xx_HAL_Driver/Src/stm32f4xx_hal_uart.o
 .text.UART_Receive_IT
                0x0000000008004e4e      0x176 ./Drivers/STM32F4xx_HAL_Driver/Src/stm32f4xx_hal_uart.o
 .text.UART_SetConfig
                0x0000000008004fc4      0x4e8 ./Drivers/STM32F4xx_HAL_Driver/Src/stm32f4xx_hal_uart.o
 .text.__errno  0x00000000080054ac        0xc d:/stm32cubeide_1.9.0/stm32cubeide/plugins/com.st.stm32cube.ide.mcu.externaltools.gnu-tools-for-stm32.10.3-2021.10.win32_1.0.0.202111181127/tools/bin/../lib/gcc/arm-none-eabi/10.3.1/../../../../arm-none-eabi/lib/thumb/v7e-m+fp/hard\libc_nano.a(lib_a-errno.o)
                0x00000000080054ac                __errno
 .text.__libc_init_array
                0x00000000080054b8       0x48 d:/stm32cubeide_1.9.0/stm32cubeide/plugins/com.st.stm32cube.ide.mcu.externaltools.gnu-tools-for-stm32.10.3-2021.10.win32_1.0.0.202111181127/tools/bin/../lib/gcc/arm-none-eabi/10.3.1/../../../../arm-none-eabi/lib/thumb/v7e-m+fp/hard\libc_nano.a(lib_a-init.o)
                0x00000000080054b8                __libc_init_array
 .text.malloc   0x0000000008005500       0x10 d:/stm32cubeide_1.9.0/stm32cubeide/plugins/com.st.stm32cube.ide.mcu.externaltools.gnu-tools-for-stm32.10.3-2021.10.win32_1.0.0.202111181127/tools/bin/../lib/gcc/arm-none-eabi/10.3.1/../../../../arm-none-eabi/lib/thumb/v7e-m+fp/hard\libc_nano.a(lib_a-malloc.o)
                0x0000000008005500                malloc
 .text.memset   0x0000000008005510       0x10 d:/stm32cubeide_1.9.0/stm32cubeide/plugins/com.st.stm32cube.ide.mcu.externaltools.gnu-tools-for-stm32.10.3-2021.10.win32_1.0.0.202111181127/tools/bin/../lib/gcc/arm-none-eabi/10.3.1/../../../../arm-none-eabi/lib/thumb/v7e-m+fp/hard\libc_nano.a(lib_a-memset.o)
                0x0000000008005510                memset
 .text._free_r  0x0000000008005520       0x98 d:/stm32cubeide_1.9.0/stm32cubeide/plugins/com.st.stm32cube.ide.mcu.externaltools.gnu-tools-for-stm32.10.3-2021.10.win32_1.0.0.202111181127/tools/bin/../lib/gcc/arm-none-eabi/10.3.1/../../../../arm-none-eabi/lib/thumb/v7e-m+fp/hard\libc_nano.a(lib_a-nano-freer.o)
                0x0000000008005520                _free_r
 .text.sbrk_aligned
                0x00000000080055b8       0x40 d:/stm32cubeide_1.9.0/stm32cubeide/plugins/com.st.stm32cube.ide.mcu.externaltools.gnu-tools-for-stm32.10.3-2021.10.win32_1.0.0.202111181127/tools/bin/../lib/gcc/arm-none-eabi/10.3.1/../../../../arm-none-eabi/lib/thumb/v7e-m+fp/hard\libc_nano.a(lib_a-nano-mallocr.o)
 .text._malloc_r
                0x00000000080055f8       0xe8 d:/stm32cubeide_1.9.0/stm32cubeide/plugins/com.st.stm32cube.ide.mcu.externaltools.gnu-tools-for-stm32.10.3-2021.10.win32_1.0.0.202111181127/tools/bin/../lib/gcc/arm-none-eabi/10.3.1/../../../../arm-none-eabi/lib/thumb/v7e-m+fp/hard\libc_nano.a(lib_a-nano-mallocr.o)
                0x00000000080055f8                _malloc_r
 .text._sbrk_r  0x00000000080056e0       0x20 d:/stm32cubeide_1.9.0/stm32cubeide/plugins/com.st.stm32cube.ide.mcu.externaltools.gnu-tools-for-stm32.10.3-2021.10.win32_1.0.0.202111181127/tools/bin/../lib/gcc/arm-none-eabi/10.3.1/../../../../arm-none-eabi/lib/thumb/v7e-m+fp/hard\libc_nano.a(lib_a-sbrkr.o)
                0x00000000080056e0                _sbrk_r
 .text.sprintf  0x0000000008005700       0x40 d:/stm32cubeide_1.9.0/stm32cubeide/plugins/com.st.stm32cube.ide.mcu.externaltools.gnu-tools-for-stm32.10.3-2021.10.win32_1.0.0.202111181127/tools/bin/../lib/gcc/arm-none-eabi/10.3.1/../../../../arm-none-eabi/lib/thumb/v7e-m+fp/hard\libc_nano.a(lib_a-sprintf.o)
                0x0000000008005700                siprintf
                0x0000000008005700                sprintf
 .text.strcpy   0x0000000008005740       0x10 d:/stm32cubeide_1.9.0/stm32cubeide/plugins/com.st.stm32cube.ide.mcu.externaltools.gnu-tools-for-stm32.10.3-2021.10.win32_1.0.0.202111181127/tools/bin/../lib/gcc/arm-none-eabi/10.3.1/../../../../arm-none-eabi/lib/thumb/v7e-m+fp/hard\libc_nano.a(lib_a-strcpy.o)
                0x0000000008005740                strcpy
 .text._strtoul_l.constprop.0
                0x0000000008005750       0xe4 d:/stm32cubeide_1.9.0/stm32cubeide/plugins/com.st.stm32cube.ide.mcu.externaltools.gnu-tools-for-stm32.10.3-2021.10.win32_1.0.0.202111181127/tools/bin/../lib/gcc/arm-none-eabi/10.3.1/../../../../arm-none-eabi/lib/thumb/v7e-m+fp/hard\libc_nano.a(lib_a-strtoul.o)
 .text.strtoul  0x0000000008005834       0x14 d:/stm32cubeide_1.9.0/stm32cubeide/plugins/com.st.stm32cube.ide.mcu.externaltools.gnu-tools-for-stm32.10.3-2021.10.win32_1.0.0.202111181127/tools/bin/../lib/gcc/arm-none-eabi/10.3.1/../../../../arm-none-eabi/lib/thumb/v7e-m+fp/hard\libc_nano.a(lib_a-strtoul.o)
                0x0000000008005834                strtoul
 .text.__malloc_lock
                0x0000000008005848        0xc d:/stm32cubeide_1.9.0/stm32cubeide/plugins/com.st.stm32cube.ide.mcu.externaltools.gnu-tools-for-stm32.10.3-2021.10.win32_1.0.0.202111181127/tools/bin/../lib/gcc/arm-none-eabi/10.3.1/../../../../arm-none-eabi/lib/thumb/v7e-m+fp/hard\libc_nano.a(lib_a-mlock.o)
                0x0000000008005848                __malloc_lock
 .text.__malloc_unlock
                0x0000000008005854        0xc d:/stm32cubeide_1.9.0/stm32cubeide/plugins/com.st.stm32cube.ide.mcu.externaltools.gnu-tools-for-stm32.10.3-2021.10.win32_1.0.0.202111181127/tools/bin/../lib/gcc/arm-none-eabi/10.3.1/../../../../arm-none-eabi/lib/thumb/v7e-m+fp/hard\libc_nano.a(lib_a-mlock.o)
                0x0000000008005854                __malloc_unlock
 .text.__ssputs_r
                0x0000000008005860       0xb6 d:/stm32cubeide_1.9.0/stm32cubeide/plugins/com.st.stm32cube.ide.mcu.externaltools.gnu-tools-for-stm32.10.3-2021.10.win32_1.0.0.202111181127/tools/bin/../lib/gcc/arm-none-eabi/10.3.1/../../../../arm-none-eabi/lib/thumb/v7e-m+fp/hard\libc_nano.a(lib_a-nano-svfprintf.o)
                0x0000000008005860                __ssputs_r
 *fill*         0x0000000008005916        0x2 
 .text._svfprintf_r
                0x0000000008005918      0x200 d:/stm32cubeide_1.9.0/stm32cubeide/plugins/com.st.stm32cube.ide.mcu.externaltools.gnu-tools-for-stm32.10.3-2021.10.win32_1.0.0.202111181127/tools/bin/../lib/gcc/arm-none-eabi/10.3.1/../../../../arm-none-eabi/lib/thumb/v7e-m+fp/hard\libc_nano.a(lib_a-nano-svfprintf.o)
                0x0000000008005918                _svfiprintf_r
                0x0000000008005918                _svfprintf_r
 .text._printf_common
                0x0000000008005b18       0xda d:/stm32cubeide_1.9.0/stm32cubeide/plugins/com.st.stm32cube.ide.mcu.externaltools.gnu-tools-for-stm32.10.3-2021.10.win32_1.0.0.202111181127/tools/bin/../lib/gcc/arm-none-eabi/10.3.1/../../../../arm-none-eabi/lib/thumb/v7e-m+fp/hard\libc_nano.a(lib_a-nano-vfprintf_i.o)
                0x0000000008005b18                _printf_common
 *fill*         0x0000000008005bf2        0x2 
 .text._printf_i
                0x0000000008005bf4      0x24c d:/stm32cubeide_1.9.0/stm32cubeide/plugins/com.st.stm32cube.ide.mcu.externaltools.gnu-tools-for-stm32.10.3-2021.10.win32_1.0.0.202111181127/tools/bin/../lib/gcc/arm-none-eabi/10.3.1/../../../../arm-none-eabi/lib/thumb/v7e-m+fp/hard\libc_nano.a(lib_a-nano-vfprintf_i.o)
                0x0000000008005bf4                _printf_i
 .text.__retarget_lock_acquire_recursive
                0x0000000008005e40        0x2 d:/stm32cubeide_1.9.0/stm32cubeide/plugins/com.st.stm32cube.ide.mcu.externaltools.gnu-tools-for-stm32.10.3-2021.10.win32_1.0.0.202111181127/tools/bin/../lib/gcc/arm-none-eabi/10.3.1/../../../../arm-none-eabi/lib/thumb/v7e-m+fp/hard\libc_nano.a(lib_a-lock.o)
                0x0000000008005e40                __retarget_lock_acquire_recursive
 .text.__retarget_lock_release_recursive
                0x0000000008005e42        0x2 d:/stm32cubeide_1.9.0/stm32cubeide/plugins/com.st.stm32cube.ide.mcu.externaltools.gnu-tools-for-stm32.10.3-2021.10.win32_1.0.0.202111181127/tools/bin/../lib/gcc/arm-none-eabi/10.3.1/../../../../arm-none-eabi/lib/thumb/v7e-m+fp/hard\libc_nano.a(lib_a-lock.o)
                0x0000000008005e42                __retarget_lock_release_recursive
 .text.memcpy   0x0000000008005e44       0x1c d:/stm32cubeide_1.9.0/stm32cubeide/plugins/com.st.stm32cube.ide.mcu.externaltools.gnu-tools-for-stm32.10.3-2021.10.win32_1.0.0.202111181127/tools/bin/../lib/gcc/arm-none-eabi/10.3.1/../../../../arm-none-eabi/lib/thumb/v7e-m+fp/hard\libc_nano.a(lib_a-memcpy-stub.o)
                0x0000000008005e44                memcpy
 .text.memmove  0x0000000008005e60       0x34 d:/stm32cubeide_1.9.0/stm32cubeide/plugins/com.st.stm32cube.ide.mcu.externaltools.gnu-tools-for-stm32.10.3-2021.10.win32_1.0.0.202111181127/tools/bin/../lib/gcc/arm-none-eabi/10.3.1/../../../../arm-none-eabi/lib/thumb/v7e-m+fp/hard\libc_nano.a(lib_a-memmove.o)
                0x0000000008005e60                memmove
 .text._realloc_r
                0x0000000008005e94       0x5e d:/stm32cubeide_1.9.0/stm32cubeide/plugins/com.st.stm32cube.ide.mcu.externaltools.gnu-tools-for-stm32.10.3-2021.10.win32_1.0.0.202111181127/tools/bin/../lib/gcc/arm-none-eabi/10.3.1/../../../../arm-none-eabi/lib/thumb/v7e-m+fp/hard\libc_nano.a(lib_a-nano-reallocr.o)
                0x0000000008005e94                _realloc_r
 .text._malloc_usable_size_r
                0x0000000008005ef2       0x10 d:/stm32cubeide_1.9.0/stm32cubeide/plugins/com.st.stm32cube.ide.mcu.externaltools.gnu-tools-for-stm32.10.3-2021.10.win32_1.0.0.202111181127/tools/bin/../lib/gcc/arm-none-eabi/10.3.1/../../../../arm-none-eabi/lib/thumb/v7e-m+fp/hard\libc_nano.a(lib_a-nano-msizer.o)
                0x0000000008005ef2                _malloc_usable_size_r
 *(.glue_7)
 .glue_7        0x0000000008005f02        0x0 linker stubs
 *(.glue_7t)
 .glue_7t       0x0000000008005f02        0x0 linker stubs
 *(.eh_frame)
 *fill*         0x0000000008005f02        0x2 
 .eh_frame      0x0000000008005f04        0x0 d:/stm32cubeide_1.9.0/stm32cubeide/plugins/com.st.stm32cube.ide.mcu.externaltools.gnu-tools-for-stm32.10.3-2021.10.win32_1.0.0.202111181127/tools/bin/../lib/gcc/arm-none-eabi/10.3.1/thumb/v7e-m+fp/hard/crtbegin.o
 *(.init)
 .init          0x0000000008005f04        0x4 d:/stm32cubeide_1.9.0/stm32cubeide/plugins/com.st.stm32cube.ide.mcu.externaltools.gnu-tools-for-stm32.10.3-2021.10.win32_1.0.0.202111181127/tools/bin/../lib/gcc/arm-none-eabi/10.3.1/thumb/v7e-m+fp/hard/crti.o
                0x0000000008005f04                _init
 .init          0x0000000008005f08        0x8 d:/stm32cubeide_1.9.0/stm32cubeide/plugins/com.st.stm32cube.ide.mcu.externaltools.gnu-tools-for-stm32.10.3-2021.10.win32_1.0.0.202111181127/tools/bin/../lib/gcc/arm-none-eabi/10.3.1/thumb/v7e-m+fp/hard/crtn.o
 *(.fini)
 .fini          0x0000000008005f10        0x4 d:/stm32cubeide_1.9.0/stm32cubeide/plugins/com.st.stm32cube.ide.mcu.externaltools.gnu-tools-for-stm32.10.3-2021.10.win32_1.0.0.202111181127/tools/bin/../lib/gcc/arm-none-eabi/10.3.1/thumb/v7e-m+fp/hard/crti.o
                0x0000000008005f10                _fini
 .fini          0x0000000008005f14        0x8 d:/stm32cubeide_1.9.0/stm32cubeide/plugins/com.st.stm32cube.ide.mcu.externaltools.gnu-tools-for-stm32.10.3-2021.10.win32_1.0.0.202111181127/tools/bin/../lib/gcc/arm-none-eabi/10.3.1/thumb/v7e-m+fp/hard/crtn.o
                0x0000000008005f1c                . = ALIGN (0x4)
                0x0000000008005f1c                _etext = .

.vfp11_veneer   0x0000000008005f1c        0x0
 .vfp11_veneer  0x0000000008005f1c        0x0 linker stubs

.v4_bx          0x0000000008005f1c        0x0
 .v4_bx         0x0000000008005f1c        0x0 linker stubs

.iplt           0x0000000008005f1c        0x0
 .iplt          0x0000000008005f1c        0x0 d:/stm32cubeide_1.9.0/stm32cubeide/plugins/com.st.stm32cube.ide.mcu.externaltools.gnu-tools-for-stm32.10.3-2021.10.win32_1.0.0.202111181127/tools/bin/../lib/gcc/arm-none-eabi/10.3.1/thumb/v7e-m+fp/hard/crtbegin.o

.rodata         0x0000000008005f1c      0x3b4
                0x0000000008005f1c                . = ALIGN (0x4)
 *(.rodata)
 .rodata        0x0000000008005f1c       0x93 ./Core/Src/boot_config.o
 *fill*         0x0000000008005faf        0x1 
 .rodata        0x0000000008005fb0       0x64 ./Core/Src/command.o
 .rodata        0x0000000008006014      0x13c ./Core/Src/main.o
 .rodata        0x0000000008006150       0x32 ./Core/Src/menu.o
 *(.rodata*)
 *fill*         0x0000000008006182        0x2 
 .rodata.AHBPrescTable
                0x0000000008006184       0x10 ./Core/Src/system_stm32f4xx.o
                0x0000000008006184                AHBPrescTable
 .rodata.APBPrescTable
                0x0000000008006194        0x8 ./Core/Src/system_stm32f4xx.o
                0x0000000008006194                APBPrescTable
 .rodata._ctype_
                0x000000000800619c      0x101 d:/stm32cubeide_1.9.0/stm32cubeide/plugins/com.st.stm32cube.ide.mcu.externaltools.gnu-tools-for-stm32.10.3-2021.10.win32_1.0.0.202111181127/tools/bin/../lib/gcc/arm-none-eabi/10.3.1/../../../../arm-none-eabi/lib/thumb/v7e-m+fp/hard\libc_nano.a(lib_a-ctype_.o)
                0x000000000800619c                _ctype_
 .rodata._svfprintf_r.str1.1
                0x000000000800629d       0x11 d:/stm32cubeide_1.9.0/stm32cubeide/plugins/com.st.stm32cube.ide.mcu.externaltools.gnu-tools-for-stm32.10.3-2021.10.win32_1.0.0.202111181127/tools/bin/../lib/gcc/arm-none-eabi/10.3.1/../../../../arm-none-eabi/lib/thumb/v7e-m+fp/hard\libc_nano.a(lib_a-nano-svfprintf.o)
 .rodata._printf_i.str1.1
                0x00000000080062ae       0x22 d:/stm32cubeide_1.9.0/stm32cubeide/plugins/com.st.stm32cube.ide.mcu.externaltools.gnu-tools-for-stm32.10.3-2021.10.win32_1.0.0.202111181127/tools/bin/../lib/gcc/arm-none-eabi/10.3.1/../../../../arm-none-eabi/lib/thumb/v7e-m+fp/hard\libc_nano.a(lib_a-nano-vfprintf_i.o)
                0x00000000080062d0                . = ALIGN (0x4)

.ARM.extab      0x00000000080062d0        0x0
                0x00000000080062d0                . = ALIGN (0x4)
 *(.ARM.extab* .gnu.linkonce.armextab.*)
                0x00000000080062d0                . = ALIGN (0x4)

.ARM            0x00000000080062d0        0x8
                0x00000000080062d0                . = ALIGN (0x4)
                0x00000000080062d0                __exidx_start = .
 *(.ARM.exidx*)
 .ARM.exidx     0x00000000080062d0        0x8 d:/stm32cubeide_1.9.0/stm32cubeide/plugins/com.st.stm32cube.ide.mcu.externaltools.gnu-tools-for-stm32.10.3-2021.10.win32_1.0.0.202111181127/tools/bin/../lib/gcc/arm-none-eabi/10.3.1/thumb/v7e-m+fp/hard\libgcc.a(_udivmoddi4.o)
                0x00000000080062d8                __exidx_end = .
                0x00000000080062d8                . = ALIGN (0x4)

.rel.dyn        0x00000000080062d8        0x0
 .rel.iplt      0x00000000080062d8        0x0 d:/stm32cubeide_1.9.0/stm32cubeide/plugins/com.st.stm32cube.ide.mcu.externaltools.gnu-tools-for-stm32.10.3-2021.10.win32_1.0.0.202111181127/tools/bin/../lib/gcc/arm-none-eabi/10.3.1/thumb/v7e-m+fp/hard/crtbegin.o

.preinit_array  0x00000000080062d8        0x0
                0x00000000080062d8                . = ALIGN (0x4)
                0x00000000080062d8                PROVIDE (__preinit_array_start = .)
 *(.preinit_array*)
                0x00000000080062d8                PROVIDE (__preinit_array_end = .)
                0x00000000080062d8                . = ALIGN (0x4)

.init_array     0x00000000080062d8        0x4
                0x00000000080062d8                . = ALIGN (0x4)
                0x00000000080062d8                PROVIDE (__init_array_start = .)
 *(SORT_BY_NAME(.init_array.*))
 *(.init_array*)
 .init_array    0x00000000080062d8        0x4 d:/stm32cubeide_1.9.0/stm32cubeide/plugins/com.st.stm32cube.ide.mcu.externaltools.gnu-tools-for-stm32.10.3-2021.10.win32_1.0.0.202111181127/tools/bin/../lib/gcc/arm-none-eabi/10.3.1/thumb/v7e-m+fp/hard/crtbegin.o
                0x00000000080062dc                PROVIDE (__init_array_end = .)
                0x00000000080062dc                . = ALIGN (0x4)

.fini_array     0x00000000080062dc        0x4
                0x00000000080062dc                . = ALIGN (0x4)
                [!provide]                        PROVIDE (__fini_array_start = .)
 *(SORT_BY_NAME(.fini_array.*))
 *(.fini_array*)
 .fini_array    0x00000000080062dc        0x4 d:/stm32cubeide_1.9.0/stm32cubeide/plugins/com.st.stm32cube.ide.mcu.externaltools.gnu-tools-for-stm32.10.3-2021.10.win32_1.0.0.202111181127/tools/bin/../lib/gcc/arm-none-eabi/10.3.1/thumb/v7e-m+fp/hard/crtbegin.o
                [!provide]                        PROVIDE (__fini_array_end = .)
                0x00000000080062e0                . = ALIGN (0x4)
                0x00000000080062e0                _sidata = LOADADDR (.data)

.data           0x0000000020000000       0x94 load address 0x00000000080062e0
                0x0000000020000000                . = ALIGN (0x4)
                0x0000000020000000                _sdata = .
 *(.data)
 *(.data*)
 .data.seqAddress1
                0x0000000020000000        0x4 ./Core/Src/boot_config.o
                0x0000000020000000                seqAddress1
 .data.firstBootFlagAddress1
                0x0000000020000004        0x4 ./Core/Src/boot_config.o
                0x0000000020000004                firstBootFlagAddress1
 .data.notValidFlagAddress1
                0x0000000020000008        0x4 ./Core/Src/boot_config.o
                0x0000000020000008                notValidFlagAddress1
 .data.versionAddress1
                0x000000002000000c        0x4 ./Core/Src/boot_config.o
                0x000000002000000c                versionAddress1
 .data.seqAddress2
                0x0000000020000010        0x4 ./Core/Src/boot_config.o
                0x0000000020000010                seqAddress2
 .data.firstBootFlagAddress2
                0x0000000020000014        0x4 ./Core/Src/boot_config.o
                0x0000000020000014                firstBootFlagAddress2
 .data.notValidFlagAddress2
                0x0000000020000018        0x4 ./Core/Src/boot_config.o
                0x0000000020000018                notValidFlagAddress2
 .data.versionAddress2
                0x000000002000001c        0x4 ./Core/Src/boot_config.o
                0x000000002000001c                versionAddress2
 .data.SystemCoreClock
                0x0000000020000020        0x4 ./Core/Src/system_stm32f4xx.o
                0x0000000020000020                SystemCoreClock
 .data.transmitIntEnd
                0x0000000020000024        0x1 ./Core/Src/usart.o
 .data.xmodemPacketNumber
                0x0000000020000025        0x1 ./Core/Src/xmodem.o
 *fill*         0x0000000020000026        0x2 
 .data.uwTickPrio
                0x0000000020000028        0x4 ./Drivers/STM32F4xx_HAL_Driver/Src/stm32f4xx_hal.o
                0x0000000020000028                uwTickPrio
 .data.uwTickFreq
                0x000000002000002c        0x1 ./Drivers/STM32F4xx_HAL_Driver/Src/stm32f4xx_hal.o
                0x000000002000002c                uwTickFreq
 *fill*         0x000000002000002d        0x3 
 .data._impure_ptr
                0x0000000020000030        0x4 d:/stm32cubeide_1.9.0/stm32cubeide/plugins/com.st.stm32cube.ide.mcu.externaltools.gnu-tools-for-stm32.10.3-2021.10.win32_1.0.0.202111181127/tools/bin/../lib/gcc/arm-none-eabi/10.3.1/../../../../arm-none-eabi/lib/thumb/v7e-m+fp/hard\libc_nano.a(lib_a-impure.o)
                0x0000000020000030                _impure_ptr
 .data.impure_data
                0x0000000020000034       0x60 d:/stm32cubeide_1.9.0/stm32cubeide/plugins/com.st.stm32cube.ide.mcu.externaltools.gnu-tools-for-stm32.10.3-2021.10.win32_1.0.0.202111181127/tools/bin/../lib/gcc/arm-none-eabi/10.3.1/../../../../arm-none-eabi/lib/thumb/v7e-m+fp/hard\libc_nano.a(lib_a-impure.o)
 *(.RamFunc)
 *(.RamFunc*)
                0x0000000020000094                . = ALIGN (0x4)
                0x0000000020000094                _edata = .
                0x0000000008006374                _siccmram = LOADADDR (.ccmram)

.igot.plt       0x0000000020000094        0x0 load address 0x0000000008006374
 .igot.plt      0x0000000020000094        0x0 d:/stm32cubeide_1.9.0/stm32cubeide/plugins/com.st.stm32cube.ide.mcu.externaltools.gnu-tools-for-stm32.10.3-2021.10.win32_1.0.0.202111181127/tools/bin/../lib/gcc/arm-none-eabi/10.3.1/thumb/v7e-m+fp/hard/crtbegin.o

.ccmram         0x0000000010000000        0x0 load address 0x0000000008006374
                0x0000000010000000                . = ALIGN (0x4)
                0x0000000010000000                _sccmram = .
 *(.ccmram)
 *(.ccmram*)
                0x0000000010000000                . = ALIGN (0x4)
                0x0000000010000000                _eccmram = .
                0x0000000010000000                . = ALIGN (0x4)

.bss            0x0000000020000094      0x3d4
                0x0000000020000094                _sbss = .
                0x0000000020000094                __bss_start__ = _sbss
 *(.bss)
 .bss           0x0000000020000094       0x1c d:/stm32cubeide_1.9.0/stm32cubeide/plugins/com.st.stm32cube.ide.mcu.externaltools.gnu-tools-for-stm32.10.3-2021.10.win32_1.0.0.202111181127/tools/bin/../lib/gcc/arm-none-eabi/10.3.1/thumb/v7e-m+fp/hard/crtbegin.o
 *(.bss*)
 .bss.versionBuf
                0x00000000200000b0       0x80 ./Core/Src/boot_config.o
 .bss.pmask     0x0000000020000130        0x4 ./Core/Src/buffer.o
 .bss.EraseInitStruct.0
                0x0000000020000134       0x14 ./Core/Src/flash.o
 .bss.extented_linear_adress
                0x0000000020000148        0x4 ./Core/Src/hex_parser.o
                0x0000000020000148                extented_linear_adress
 .bss.size_data
                0x000000002000014c        0x1 ./Core/Src/hex_parser.o
                0x000000002000014c                size_data
 .bss.type_data
                0x000000002000014d        0x1 ./Core/Src/hex_parser.o
                0x000000002000014d                type_data
 .bss.check_sum
                0x000000002000014e        0x1 ./Core/Src/hex_parser.o
                0x000000002000014e                check_sum
 *fill*         0x000000002000014f        0x1 
 .bss.address_data
                0x0000000020000150        0x2 ./Core/Src/hex_parser.o
                0x0000000020000150                address_data
 *fill*         0x0000000020000152        0x2 
 .bss.program_data
                0x0000000020000154        0x4 ./Core/Src/hex_parser.o
                0x0000000020000154                program_data
 .bss.calculation_check_sum
                0x0000000020000158        0x1 ./Core/Src/hex_parser.o
                0x0000000020000158                calculation_check_sum
 *fill*         0x0000000020000159        0x3 
 .bss.tempBuf   0x000000002000015c        0x8 ./Core/Src/hex_parser.o
                0x000000002000015c                tempBuf
 .bss.hiwdg     0x0000000020000164        0xc ./Core/Src/iwdg.o
                0x0000000020000164                hiwdg
 .bss.uartBuf   0x0000000020000170       0x80 ./Core/Src/main.o
 .bss.uartBufLast
                0x00000000200001f0        0x1 ./Core/Src/main.o
 .bss.hasLine   0x00000000200001f1        0x1 ./Core/Src/main.o
 *fill*         0x00000000200001f2        0x2 
 .bss.commands  0x00000000200001f4       0x10 ./Core/Src/main.o
 .bss.menuCommands
                0x0000000020000204        0x4 ./Core/Src/menu.o
                0x0000000020000204                menuCommands
 .bss.menuSize  0x0000000020000208        0x2 ./Core/Src/menu.o
                0x0000000020000208                menuSize
 *fill*         0x000000002000020a        0x2 
 .bss.__sbrk_heap_end
                0x000000002000020c        0x4 ./Core/Src/sysmem.o
 .bss.htim6     0x0000000020000210       0x48 ./Core/Src/tim.o
                0x0000000020000210                htim6
 .bss.usartHardwareTransmitBuffer
                0x0000000020000258        0x1 ./Core/Src/uart.o
                0x0000000020000258                usartHardwareTransmitBuffer
 .bss.usartHardwareReceiveBuffer
                0x0000000020000259        0x1 ./Core/Src/uart.o
                0x0000000020000259                usartHardwareReceiveBuffer
 *fill*         0x000000002000025a        0x2 
 .bss.txBuffer  0x000000002000025c        0x4 ./Core/Src/usart.o
 .bss.rxBuffer  0x0000000020000260        0x4 ./Core/Src/usart.o
 .bss.interruptionsEnabled
                0x0000000020000264        0x1 ./Core/Src/usart.o
 .bss.rxStarted
                0x0000000020000265        0x1 ./Core/Src/usart.o
                0x0000000020000265                rxStarted
 *fill*         0x0000000020000266        0x2 
 .bss.huart6    0x0000000020000268       0x44 ./Core/Src/usart.o
                0x0000000020000268                huart6
 .bss.xmodemBuf
                0x00000000200002ac      0x100 ./Core/Src/xmodem.o
                0x00000000200002ac                xmodemBuf
 .bss.xmodemBufSize
                0x00000000200003ac        0x2 ./Core/Src/xmodem.o
                0x00000000200003ac                xmodemBufSize
 *fill*         0x00000000200003ae        0x2 
 .bss.remainingDataBuf
                0x00000000200003b0       0x80 ./Core/Src/xmodem.o
                0x00000000200003b0                remainingDataBuf
 .bss.remainingDataSize
                0x0000000020000430        0x2 ./Core/Src/xmodem.o
                0x0000000020000430                remainingDataSize
 .bss.timerWorking
                0x0000000020000432        0x1 ./Core/Src/xmodem.o
                0x0000000020000432                timerWorking
 *fill*         0x0000000020000433        0x1 
 .bss.uwTick    0x0000000020000434        0x4 ./Drivers/STM32F4xx_HAL_Driver/Src/stm32f4xx_hal.o
                0x0000000020000434                uwTick
 .bss.pFlash    0x0000000020000438       0x20 ./Drivers/STM32F4xx_HAL_Driver/Src/stm32f4xx_hal_flash.o
                0x0000000020000438                pFlash
 .bss.__malloc_free_list
                0x0000000020000458        0x4 d:/stm32cubeide_1.9.0/stm32cubeide/plugins/com.st.stm32cube.ide.mcu.externaltools.gnu-tools-for-stm32.10.3-2021.10.win32_1.0.0.202111181127/tools/bin/../lib/gcc/arm-none-eabi/10.3.1/../../../../arm-none-eabi/lib/thumb/v7e-m+fp/hard\libc_nano.a(lib_a-nano-mallocr.o)
                0x0000000020000458                __malloc_free_list
 .bss.__malloc_sbrk_start
                0x000000002000045c        0x4 d:/stm32cubeide_1.9.0/stm32cubeide/plugins/com.st.stm32cube.ide.mcu.externaltools.gnu-tools-for-stm32.10.3-2021.10.win32_1.0.0.202111181127/tools/bin/../lib/gcc/arm-none-eabi/10.3.1/../../../../arm-none-eabi/lib/thumb/v7e-m+fp/hard\libc_nano.a(lib_a-nano-mallocr.o)
                0x000000002000045c                __malloc_sbrk_start
 .bss.errno     0x0000000020000460        0x4 d:/stm32cubeide_1.9.0/stm32cubeide/plugins/com.st.stm32cube.ide.mcu.externaltools.gnu-tools-for-stm32.10.3-2021.10.win32_1.0.0.202111181127/tools/bin/../lib/gcc/arm-none-eabi/10.3.1/../../../../arm-none-eabi/lib/thumb/v7e-m+fp/hard\libc_nano.a(lib_a-reent.o)
                0x0000000020000460                errno
 .bss.__lock___malloc_recursive_mutex
                0x0000000020000464        0x1 d:/stm32cubeide_1.9.0/stm32cubeide/plugins/com.st.stm32cube.ide.mcu.externaltools.gnu-tools-for-stm32.10.3-2021.10.win32_1.0.0.202111181127/tools/bin/../lib/gcc/arm-none-eabi/10.3.1/../../../../arm-none-eabi/lib/thumb/v7e-m+fp/hard\libc_nano.a(lib_a-lock.o)
                0x0000000020000464                __lock___malloc_recursive_mutex
 *(COMMON)
                0x0000000020000468                . = ALIGN (0x4)
 *fill*         0x0000000020000465        0x3 
                0x0000000020000468                _ebss = .
                0x0000000020000468                __bss_end__ = _ebss

._user_heap_stack
                0x0000000020000468      0x600
                0x0000000020000468                . = ALIGN (0x8)
                [!provide]                        PROVIDE (end = .)
                0x0000000020000468                PROVIDE (_end = .)
                0x0000000020000668                . = (. + _Min_Heap_Size)
 *fill*         0x0000000020000468      0x200 
                0x0000000020000a68                . = (. + _Min_Stack_Size)
 *fill*         0x0000000020000668      0x400 
                0x0000000020000a68                . = ALIGN (0x8)

/DISCARD/
 libc.a(*)
 libm.a(*)
 libgcc.a(*)

.ARM.attributes
                0x0000000000000000       0x30
 *(.ARM.attributes)
 .ARM.attributes
                0x0000000000000000       0x1e d:/stm32cubeide_1.9.0/stm32cubeide/plugins/com.st.stm32cube.ide.mcu.externaltools.gnu-tools-for-stm32.10.3-2021.10.win32_1.0.0.202111181127/tools/bin/../lib/gcc/arm-none-eabi/10.3.1/thumb/v7e-m+fp/hard/crti.o
 .ARM.attributes
                0x000000000000001e       0x34 d:/stm32cubeide_1.9.0/stm32cubeide/plugins/com.st.stm32cube.ide.mcu.externaltools.gnu-tools-for-stm32.10.3-2021.10.win32_1.0.0.202111181127/tools/bin/../lib/gcc/arm-none-eabi/10.3.1/thumb/v7e-m+fp/hard/crtbegin.o
 .ARM.attributes
                0x0000000000000052       0x34 ./Core/Src/boot_config.o
 .ARM.attributes
                0x0000000000000086       0x34 ./Core/Src/buffer.o
 .ARM.attributes
                0x00000000000000ba       0x34 ./Core/Src/command.o
 .ARM.attributes
                0x00000000000000ee       0x34 ./Core/Src/flash.o
 .ARM.attributes
                0x0000000000000122       0x34 ./Core/Src/gpio.o
 .ARM.attributes
                0x0000000000000156       0x34 ./Core/Src/hex_parser.o
 .ARM.attributes
                0x000000000000018a       0x34 ./Core/Src/iwdg.o
 .ARM.attributes
                0x00000000000001be       0x34 ./Core/Src/main.o
 .ARM.attributes
                0x00000000000001f2       0x34 ./Core/Src/menu.o
 .ARM.attributes
                0x0000000000000226       0x34 ./Core/Src/stm32f4xx_hal_msp.o
 .ARM.attributes
                0x000000000000025a       0x34 ./Core/Src/stm32f4xx_it.o
 .ARM.attributes
                0x000000000000028e       0x34 ./Core/Src/sysmem.o
 .ARM.attributes
                0x00000000000002c2       0x34 ./Core/Src/system_stm32f4xx.o
 .ARM.attributes
                0x00000000000002f6       0x34 ./Core/Src/tim.o
 .ARM.attributes
                0x000000000000032a       0x34 ./Core/Src/uart.o
 .ARM.attributes
                0x000000000000035e       0x34 ./Core/Src/usart.o
 .ARM.attributes
                0x0000000000000392       0x34 ./Core/Src/xmodem.o
 .ARM.attributes
                0x00000000000003c6       0x21 ./Core/Startup/startup_stm32f427vitx.o
 .ARM.attributes
                0x00000000000003e7       0x34 ./Drivers/STM32F4xx_HAL_Driver/Src/stm32f4xx_hal.o
 .ARM.attributes
                0x000000000000041b       0x34 ./Drivers/STM32F4xx_HAL_Driver/Src/stm32f4xx_hal_cortex.o
 .ARM.attributes
                0x000000000000044f       0x34 ./Drivers/STM32F4xx_HAL_Driver/Src/stm32f4xx_hal_dma.o
 .ARM.attributes
                0x0000000000000483       0x34 ./Drivers/STM32F4xx_HAL_Driver/Src/stm32f4xx_hal_flash.o
 .ARM.attributes
                0x00000000000004b7       0x34 ./Drivers/STM32F4xx_HAL_Driver/Src/stm32f4xx_hal_flash_ex.o
 .ARM.attributes
                0x00000000000004eb       0x34 ./Drivers/STM32F4xx_HAL_Driver/Src/stm32f4xx_hal_gpio.o
 .ARM.attributes
                0x000000000000051f       0x34 ./Drivers/STM32F4xx_HAL_Driver/Src/stm32f4xx_hal_iwdg.o
 .ARM.attributes
                0x0000000000000553       0x34 ./Drivers/STM32F4xx_HAL_Driver/Src/stm32f4xx_hal_rcc.o
 .ARM.attributes
                0x0000000000000587       0x34 ./Drivers/STM32F4xx_HAL_Driver/Src/stm32f4xx_hal_rcc_ex.o
 .ARM.attributes
                0x00000000000005bb       0x34 ./Drivers/STM32F4xx_HAL_Driver/Src/stm32f4xx_hal_tim.o
 .ARM.attributes
                0x00000000000005ef       0x34 ./Drivers/STM32F4xx_HAL_Driver/Src/stm32f4xx_hal_tim_ex.o
 .ARM.attributes
                0x0000000000000623       0x34 ./Drivers/STM32F4xx_HAL_Driver/Src/stm32f4xx_hal_uart.o
 .ARM.attributes
                0x0000000000000657       0x34 d:/stm32cubeide_1.9.0/stm32cubeide/plugins/com.st.stm32cube.ide.mcu.externaltools.gnu-tools-for-stm32.10.3-2021.10.win32_1.0.0.202111181127/tools/bin/../lib/gcc/arm-none-eabi/10.3.1/../../../../arm-none-eabi/lib/thumb/v7e-m+fp/hard\libc_nano.a(lib_a-errno.o)
 .ARM.attributes
                0x000000000000068b       0x34 d:/stm32cubeide_1.9.0/stm32cubeide/plugins/com.st.stm32cube.ide.mcu.externaltools.gnu-tools-for-stm32.10.3-2021.10.win32_1.0.0.202111181127/tools/bin/../lib/gcc/arm-none-eabi/10.3.1/../../../../arm-none-eabi/lib/thumb/v7e-m+fp/hard\libc_nano.a(lib_a-impure.o)
 .ARM.attributes
                0x00000000000006bf       0x34 d:/stm32cubeide_1.9.0/stm32cubeide/plugins/com.st.stm32cube.ide.mcu.externaltools.gnu-tools-for-stm32.10.3-2021.10.win32_1.0.0.202111181127/tools/bin/../lib/gcc/arm-none-eabi/10.3.1/../../../../arm-none-eabi/lib/thumb/v7e-m+fp/hard\libc_nano.a(lib_a-init.o)
 .ARM.attributes
                0x00000000000006f3       0x34 d:/stm32cubeide_1.9.0/stm32cubeide/plugins/com.st.stm32cube.ide.mcu.externaltools.gnu-tools-for-stm32.10.3-2021.10.win32_1.0.0.202111181127/tools/bin/../lib/gcc/arm-none-eabi/10.3.1/../../../../arm-none-eabi/lib/thumb/v7e-m+fp/hard\libc_nano.a(lib_a-malloc.o)
 .ARM.attributes
                0x0000000000000727       0x34 d:/stm32cubeide_1.9.0/stm32cubeide/plugins/com.st.stm32cube.ide.mcu.externaltools.gnu-tools-for-stm32.10.3-2021.10.win32_1.0.0.202111181127/tools/bin/../lib/gcc/arm-none-eabi/10.3.1/../../../../arm-none-eabi/lib/thumb/v7e-m+fp/hard\libc_nano.a(lib_a-memset.o)
 .ARM.attributes
                0x000000000000075b       0x34 d:/stm32cubeide_1.9.0/stm32cubeide/plugins/com.st.stm32cube.ide.mcu.externaltools.gnu-tools-for-stm32.10.3-2021.10.win32_1.0.0.202111181127/tools/bin/../lib/gcc/arm-none-eabi/10.3.1/../../../../arm-none-eabi/lib/thumb/v7e-m+fp/hard\libc_nano.a(lib_a-nano-freer.o)
 .ARM.attributes
                0x000000000000078f       0x34 d:/stm32cubeide_1.9.0/stm32cubeide/plugins/com.st.stm32cube.ide.mcu.externaltools.gnu-tools-for-stm32.10.3-2021.10.win32_1.0.0.202111181127/tools/bin/../lib/gcc/arm-none-eabi/10.3.1/../../../../arm-none-eabi/lib/thumb/v7e-m+fp/hard\libc_nano.a(lib_a-nano-mallocr.o)
 .ARM.attributes
                0x00000000000007c3       0x34 d:/stm32cubeide_1.9.0/stm32cubeide/plugins/com.st.stm32cube.ide.mcu.externaltools.gnu-tools-for-stm32.10.3-2021.10.win32_1.0.0.202111181127/tools/bin/../lib/gcc/arm-none-eabi/10.3.1/../../../../arm-none-eabi/lib/thumb/v7e-m+fp/hard\libc_nano.a(lib_a-sbrkr.o)
 .ARM.attributes
                0x00000000000007f7       0x34 d:/stm32cubeide_1.9.0/stm32cubeide/plugins/com.st.stm32cube.ide.mcu.externaltools.gnu-tools-for-stm32.10.3-2021.10.win32_1.0.0.202111181127/tools/bin/../lib/gcc/arm-none-eabi/10.3.1/../../../../arm-none-eabi/lib/thumb/v7e-m+fp/hard\libc_nano.a(lib_a-sprintf.o)
 .ARM.attributes
                0x000000000000082b       0x1c d:/stm32cubeide_1.9.0/stm32cubeide/plugins/com.st.stm32cube.ide.mcu.externaltools.gnu-tools-for-stm32.10.3-2021.10.win32_1.0.0.202111181127/tools/bin/../lib/gcc/arm-none-eabi/10.3.1/../../../../arm-none-eabi/lib/thumb/v7e-m+fp/hard\libc_nano.a(lib_a-strcmp.o)
 .ARM.attributes
                0x0000000000000847       0x34 d:/stm32cubeide_1.9.0/stm32cubeide/plugins/com.st.stm32cube.ide.mcu.externaltools.gnu-tools-for-stm32.10.3-2021.10.win32_1.0.0.202111181127/tools/bin/../lib/gcc/arm-none-eabi/10.3.1/../../../../arm-none-eabi/lib/thumb/v7e-m+fp/hard\libc_nano.a(lib_a-strcpy.o)
 .ARM.attributes
                0x000000000000087b       0x17 d:/stm32cubeide_1.9.0/stm32cubeide/plugins/com.st.stm32cube.ide.mcu.externaltools.gnu-tools-for-stm32.10.3-2021.10.win32_1.0.0.202111181127/tools/bin/../lib/gcc/arm-none-eabi/10.3.1/../../../../arm-none-eabi/lib/thumb/v7e-m+fp/hard\libc_nano.a(lib_a-strlen.o)
 .ARM.attributes
                0x0000000000000892       0x34 d:/stm32cubeide_1.9.0/stm32cubeide/plugins/com.st.stm32cube.ide.mcu.externaltools.gnu-tools-for-stm32.10.3-2021.10.win32_1.0.0.202111181127/tools/bin/../lib/gcc/arm-none-eabi/10.3.1/../../../../arm-none-eabi/lib/thumb/v7e-m+fp/hard\libc_nano.a(lib_a-strtoul.o)
 .ARM.attributes
                0x00000000000008c6       0x34 d:/stm32cubeide_1.9.0/stm32cubeide/plugins/com.st.stm32cube.ide.mcu.externaltools.gnu-tools-for-stm32.10.3-2021.10.win32_1.0.0.202111181127/tools/bin/../lib/gcc/arm-none-eabi/10.3.1/../../../../arm-none-eabi/lib/thumb/v7e-m+fp/hard\libc_nano.a(lib_a-ctype_.o)
 .ARM.attributes
                0x00000000000008fa       0x34 d:/stm32cubeide_1.9.0/stm32cubeide/plugins/com.st.stm32cube.ide.mcu.externaltools.gnu-tools-for-stm32.10.3-2021.10.win32_1.0.0.202111181127/tools/bin/../lib/gcc/arm-none-eabi/10.3.1/../../../../arm-none-eabi/lib/thumb/v7e-m+fp/hard\libc_nano.a(lib_a-mlock.o)
 .ARM.attributes
                0x000000000000092e       0x34 d:/stm32cubeide_1.9.0/stm32cubeide/plugins/com.st.stm32cube.ide.mcu.externaltools.gnu-tools-for-stm32.10.3-2021.10.win32_1.0.0.202111181127/tools/bin/../lib/gcc/arm-none-eabi/10.3.1/../../../../arm-none-eabi/lib/thumb/v7e-m+fp/hard\libc_nano.a(lib_a-nano-svfprintf.o)
 .ARM.attributes
                0x0000000000000962       0x34 d:/stm32cubeide_1.9.0/stm32cubeide/plugins/com.st.stm32cube.ide.mcu.externaltools.gnu-tools-for-stm32.10.3-2021.10.win32_1.0.0.202111181127/tools/bin/../lib/gcc/arm-none-eabi/10.3.1/../../../../arm-none-eabi/lib/thumb/v7e-m+fp/hard\libc_nano.a(lib_a-nano-vfprintf_i.o)
 .ARM.attributes
                0x0000000000000996       0x34 d:/stm32cubeide_1.9.0/stm32cubeide/plugins/com.st.stm32cube.ide.mcu.externaltools.gnu-tools-for-stm32.10.3-2021.10.win32_1.0.0.202111181127/tools/bin/../lib/gcc/arm-none-eabi/10.3.1/../../../../arm-none-eabi/lib/thumb/v7e-m+fp/hard\libc_nano.a(lib_a-reent.o)
 .ARM.attributes
                0x00000000000009ca       0x34 d:/stm32cubeide_1.9.0/stm32cubeide/plugins/com.st.stm32cube.ide.mcu.externaltools.gnu-tools-for-stm32.10.3-2021.10.win32_1.0.0.202111181127/tools/bin/../lib/gcc/arm-none-eabi/10.3.1/../../../../arm-none-eabi/lib/thumb/v7e-m+fp/hard\libc_nano.a(lib_a-lock.o)
 .ARM.attributes
                0x00000000000009fe       0x1c d:/stm32cubeide_1.9.0/stm32cubeide/plugins/com.st.stm32cube.ide.mcu.externaltools.gnu-tools-for-stm32.10.3-2021.10.win32_1.0.0.202111181127/tools/bin/../lib/gcc/arm-none-eabi/10.3.1/../../../../arm-none-eabi/lib/thumb/v7e-m+fp/hard\libc_nano.a(lib_a-memchr.o)
 .ARM.attributes
                0x0000000000000a1a       0x34 d:/stm32cubeide_1.9.0/stm32cubeide/plugins/com.st.stm32cube.ide.mcu.externaltools.gnu-tools-for-stm32.10.3-2021.10.win32_1.0.0.202111181127/tools/bin/../lib/gcc/arm-none-eabi/10.3.1/../../../../arm-none-eabi/lib/thumb/v7e-m+fp/hard\libc_nano.a(lib_a-memcpy-stub.o)
 .ARM.attributes
                0x0000000000000a4e       0x34 d:/stm32cubeide_1.9.0/stm32cubeide/plugins/com.st.stm32cube.ide.mcu.externaltools.gnu-tools-for-stm32.10.3-2021.10.win32_1.0.0.202111181127/tools/bin/../lib/gcc/arm-none-eabi/10.3.1/../../../../arm-none-eabi/lib/thumb/v7e-m+fp/hard\libc_nano.a(lib_a-memmove.o)
 .ARM.attributes
                0x0000000000000a82       0x34 d:/stm32cubeide_1.9.0/stm32cubeide/plugins/com.st.stm32cube.ide.mcu.externaltools.gnu-tools-for-stm32.10.3-2021.10.win32_1.0.0.202111181127/tools/bin/../lib/gcc/arm-none-eabi/10.3.1/../../../../arm-none-eabi/lib/thumb/v7e-m+fp/hard\libc_nano.a(lib_a-nano-reallocr.o)
 .ARM.attributes
                0x0000000000000ab6       0x34 d:/stm32cubeide_1.9.0/stm32cubeide/plugins/com.st.stm32cube.ide.mcu.externaltools.gnu-tools-for-stm32.10.3-2021.10.win32_1.0.0.202111181127/tools/bin/../lib/gcc/arm-none-eabi/10.3.1/../../../../arm-none-eabi/lib/thumb/v7e-m+fp/hard\libc_nano.a(lib_a-nano-msizer.o)
 .ARM.attributes
                0x0000000000000aea       0x1e d:/stm32cubeide_1.9.0/stm32cubeide/plugins/com.st.stm32cube.ide.mcu.externaltools.gnu-tools-for-stm32.10.3-2021.10.win32_1.0.0.202111181127/tools/bin/../lib/gcc/arm-none-eabi/10.3.1/thumb/v7e-m+fp/hard\libgcc.a(_aeabi_uldivmod.o)
 .ARM.attributes
                0x0000000000000b08       0x34 d:/stm32cubeide_1.9.0/stm32cubeide/plugins/com.st.stm32cube.ide.mcu.externaltools.gnu-tools-for-stm32.10.3-2021.10.win32_1.0.0.202111181127/tools/bin/../lib/gcc/arm-none-eabi/10.3.1/thumb/v7e-m+fp/hard\libgcc.a(_udivmoddi4.o)
 .ARM.attributes
                0x0000000000000b3c       0x1e d:/stm32cubeide_1.9.0/stm32cubeide/plugins/com.st.stm32cube.ide.mcu.externaltools.gnu-tools-for-stm32.10.3-2021.10.win32_1.0.0.202111181127/tools/bin/../lib/gcc/arm-none-eabi/10.3.1/thumb/v7e-m+fp/hard\libgcc.a(_dvmd_tls.o)
 .ARM.attributes
                0x0000000000000b5a       0x1e d:/stm32cubeide_1.9.0/stm32cubeide/plugins/com.st.stm32cube.ide.mcu.externaltools.gnu-tools-for-stm32.10.3-2021.10.win32_1.0.0.202111181127/tools/bin/../lib/gcc/arm-none-eabi/10.3.1/thumb/v7e-m+fp/hard/crtn.o
OUTPUT(bootloader.elf elf32-littlearm)
LOAD linker stubs
LOAD d:/stm32cubeide_1.9.0/stm32cubeide/plugins/com.st.stm32cube.ide.mcu.externaltools.gnu-tools-for-stm32.10.3-2021.10.win32_1.0.0.202111181127/tools/bin/../lib/gcc/arm-none-eabi/10.3.1/../../../../arm-none-eabi/lib/thumb/v7e-m+fp/hard\libc.a
LOAD d:/stm32cubeide_1.9.0/stm32cubeide/plugins/com.st.stm32cube.ide.mcu.externaltools.gnu-tools-for-stm32.10.3-2021.10.win32_1.0.0.202111181127/tools/bin/../lib/gcc/arm-none-eabi/10.3.1/../../../../arm-none-eabi/lib/thumb/v7e-m+fp/hard\libm.a
LOAD d:/stm32cubeide_1.9.0/stm32cubeide/plugins/com.st.stm32cube.ide.mcu.externaltools.gnu-tools-for-stm32.10.3-2021.10.win32_1.0.0.202111181127/tools/bin/../lib/gcc/arm-none-eabi/10.3.1/thumb/v7e-m+fp/hard\libgcc.a

.debug_info     0x0000000000000000    0x1313c
 .debug_info    0x0000000000000000      0xe13 ./Core/Src/boot_config.o
 .debug_info    0x0000000000000e13      0x540 ./Core/Src/buffer.o
 .debug_info    0x0000000000001353      0x44d ./Core/Src/command.o
 .debug_info    0x00000000000017a0      0x2ad ./Core/Src/flash.o
 .debug_info    0x0000000000001a4d      0x2e1 ./Core/Src/gpio.o
 .debug_info    0x0000000000001d2e      0x2ac ./Core/Src/hex_parser.o
 .debug_info    0x0000000000001fda      0x1ca ./Core/Src/iwdg.o
 .debug_info    0x00000000000021a4      0x992 ./Core/Src/main.o
 .debug_info    0x0000000000002b36      0x35b ./Core/Src/menu.o
 .debug_info    0x0000000000002e91      0x2c4 ./Core/Src/stm32f4xx_hal_msp.o
 .debug_info    0x0000000000003155      0x9e0 ./Core/Src/stm32f4xx_it.o
 .debug_info    0x0000000000003b35      0x171 ./Core/Src/sysmem.o
 .debug_info    0x0000000000003ca6      0x53f ./Core/Src/system_stm32f4xx.o
 .debug_info    0x00000000000041e5      0xc7e ./Core/Src/tim.o
 .debug_info    0x0000000000004e63      0xa41 ./Core/Src/uart.o
 .debug_info    0x00000000000058a4     0x10ca ./Core/Src/usart.o
 .debug_info    0x000000000000696e      0xa8b ./Core/Src/xmodem.o
 .debug_info    0x00000000000073f9       0x22 ./Core/Startup/startup_stm32f427vitx.o
 .debug_info    0x000000000000741b      0x9e8 ./Drivers/STM32F4xx_HAL_Driver/Src/stm32f4xx_hal.o
 .debug_info    0x0000000000007e03      0xe45 ./Drivers/STM32F4xx_HAL_Driver/Src/stm32f4xx_hal_cortex.o
 .debug_info    0x0000000000008c48      0x94f ./Drivers/STM32F4xx_HAL_Driver/Src/stm32f4xx_hal_dma.o
 .debug_info    0x0000000000009597      0x5d2 ./Drivers/STM32F4xx_HAL_Driver/Src/stm32f4xx_hal_flash.o
 .debug_info    0x0000000000009b69      0x8fd ./Drivers/STM32F4xx_HAL_Driver/Src/stm32f4xx_hal_flash_ex.o
 .debug_info    0x000000000000a466      0x786 ./Drivers/STM32F4xx_HAL_Driver/Src/stm32f4xx_hal_gpio.o
 .debug_info    0x000000000000abec      0x1eb ./Drivers/STM32F4xx_HAL_Driver/Src/stm32f4xx_hal_iwdg.o
 .debug_info    0x000000000000add7      0x982 ./Drivers/STM32F4xx_HAL_Driver/Src/stm32f4xx_hal_rcc.o
 .debug_info    0x000000000000b759      0x689 ./Drivers/STM32F4xx_HAL_Driver/Src/stm32f4xx_hal_rcc_ex.o
 .debug_info    0x000000000000bde2     0x2bbe ./Drivers/STM32F4xx_HAL_Driver/Src/stm32f4xx_hal_tim.o
 .debug_info    0x000000000000e9a0     0x15e0 ./Drivers/STM32F4xx_HAL_Driver/Src/stm32f4xx_hal_tim_ex.o
 .debug_info    0x000000000000ff80     0x31bc ./Drivers/STM32F4xx_HAL_Driver/Src/stm32f4xx_hal_uart.o

.debug_abbrev   0x0000000000000000     0x3803
 .debug_abbrev  0x0000000000000000      0x2b2 ./Core/Src/boot_config.o
 .debug_abbrev  0x00000000000002b2      0x1ee ./Core/Src/buffer.o
 .debug_abbrev  0x00000000000004a0      0x1a8 ./Core/Src/command.o
 .debug_abbrev  0x0000000000000648      0x12a ./Core/Src/flash.o
 .debug_abbrev  0x0000000000000772       0xd4 ./Core/Src/gpio.o
 .debug_abbrev  0x0000000000000846      0x11f ./Core/Src/hex_parser.o
 .debug_abbrev  0x0000000000000965      0x124 ./Core/Src/iwdg.o
 .debug_abbrev  0x0000000000000a89      0x30f ./Core/Src/main.o
 .debug_abbrev  0x0000000000000d98      0x164 ./Core/Src/menu.o
 .debug_abbrev  0x0000000000000efc       0xd4 ./Core/Src/stm32f4xx_hal_msp.o
 .debug_abbrev  0x0000000000000fd0      0x18b ./Core/Src/stm32f4xx_it.o
 .debug_abbrev  0x000000000000115b       0xbb ./Core/Src/sysmem.o
 .debug_abbrev  0x0000000000001216      0x116 ./Core/Src/system_stm32f4xx.o
 .debug_abbrev  0x000000000000132c      0x1fe ./Core/Src/tim.o
 .debug_abbrev  0x000000000000152a      0x1fe ./Core/Src/uart.o
 .debug_abbrev  0x0000000000001728      0x313 ./Core/Src/usart.o
 .debug_abbrev  0x0000000000001a3b      0x249 ./Core/Src/xmodem.o
 .debug_abbrev  0x0000000000001c84       0x12 ./Core/Startup/startup_stm32f427vitx.o
 .debug_abbrev  0x0000000000001c96      0x20d ./Drivers/STM32F4xx_HAL_Driver/Src/stm32f4xx_hal.o
 .debug_abbrev  0x0000000000001ea3      0x316 ./Drivers/STM32F4xx_HAL_Driver/Src/stm32f4xx_hal_cortex.o
 .debug_abbrev  0x00000000000021b9      0x25b ./Drivers/STM32F4xx_HAL_Driver/Src/stm32f4xx_hal_dma.o
 .debug_abbrev  0x0000000000002414      0x281 ./Drivers/STM32F4xx_HAL_Driver/Src/stm32f4xx_hal_flash.o
 .debug_abbrev  0x0000000000002695      0x27a ./Drivers/STM32F4xx_HAL_Driver/Src/stm32f4xx_hal_flash_ex.o
 .debug_abbrev  0x000000000000290f      0x1c4 ./Drivers/STM32F4xx_HAL_Driver/Src/stm32f4xx_hal_gpio.o
 .debug_abbrev  0x0000000000002ad3      0x128 ./Drivers/STM32F4xx_HAL_Driver/Src/stm32f4xx_hal_iwdg.o
 .debug_abbrev  0x0000000000002bfb      0x2aa ./Drivers/STM32F4xx_HAL_Driver/Src/stm32f4xx_hal_rcc.o
 .debug_abbrev  0x0000000000002ea5      0x1a8 ./Drivers/STM32F4xx_HAL_Driver/Src/stm32f4xx_hal_rcc_ex.o
 .debug_abbrev  0x000000000000304d      0x25d ./Drivers/STM32F4xx_HAL_Driver/Src/stm32f4xx_hal_tim.o
 .debug_abbrev  0x00000000000032aa      0x265 ./Drivers/STM32F4xx_HAL_Driver/Src/stm32f4xx_hal_tim_ex.o
 .debug_abbrev  0x000000000000350f      0x2f4 ./Drivers/STM32F4xx_HAL_Driver/Src/stm32f4xx_hal_uart.o

.debug_aranges  0x0000000000000000     0x11e0
 .debug_aranges
                0x0000000000000000       0x60 ./Core/Src/boot_config.o
 .debug_aranges
                0x0000000000000060       0x88 ./Core/Src/buffer.o
 .debug_aranges
                0x00000000000000e8       0x50 ./Core/Src/command.o
 .debug_aranges
                0x0000000000000138       0x40 ./Core/Src/flash.o
 .debug_aranges
                0x0000000000000178       0x20 ./Core/Src/gpio.o
 .debug_aranges
                0x0000000000000198       0x30 ./Core/Src/hex_parser.o
 .debug_aranges
                0x00000000000001c8       0x20 ./Core/Src/iwdg.o
 .debug_aranges
                0x00000000000001e8       0x68 ./Core/Src/main.o
 .debug_aranges
                0x0000000000000250       0x40 ./Core/Src/menu.o
 .debug_aranges
                0x0000000000000290       0x20 ./Core/Src/stm32f4xx_hal_msp.o
 .debug_aranges
                0x00000000000002b0       0x70 ./Core/Src/stm32f4xx_it.o
 .debug_aranges
                0x0000000000000320       0x20 ./Core/Src/sysmem.o
 .debug_aranges
                0x0000000000000340       0x28 ./Core/Src/system_stm32f4xx.o
 .debug_aranges
                0x0000000000000368       0x38 ./Core/Src/tim.o
 .debug_aranges
                0x00000000000003a0       0x50 ./Core/Src/uart.o
 .debug_aranges
                0x00000000000003f0       0xc8 ./Core/Src/usart.o
 .debug_aranges
                0x00000000000004b8       0x48 ./Core/Src/xmodem.o
 .debug_aranges
                0x0000000000000500       0x28 ./Core/Startup/startup_stm32f427vitx.o
 .debug_aranges
                0x0000000000000528      0x100 ./Drivers/STM32F4xx_HAL_Driver/Src/stm32f4xx_hal.o
 .debug_aranges
                0x0000000000000628      0x118 ./Drivers/STM32F4xx_HAL_Driver/Src/stm32f4xx_hal_cortex.o
 .debug_aranges
                0x0000000000000740       0x90 ./Drivers/STM32F4xx_HAL_Driver/Src/stm32f4xx_hal_dma.o
 .debug_aranges
                0x00000000000007d0       0xa0 ./Drivers/STM32F4xx_HAL_Driver/Src/stm32f4xx_hal_flash.o
 .debug_aranges
                0x0000000000000870       0xd8 ./Drivers/STM32F4xx_HAL_Driver/Src/stm32f4xx_hal_flash_ex.o
 .debug_aranges
                0x0000000000000948       0x58 ./Drivers/STM32F4xx_HAL_Driver/Src/stm32f4xx_hal_gpio.o
 .debug_aranges
                0x00000000000009a0       0x28 ./Drivers/STM32F4xx_HAL_Driver/Src/stm32f4xx_hal_iwdg.o
 .debug_aranges
                0x00000000000009c8       0x88 ./Drivers/STM32F4xx_HAL_Driver/Src/stm32f4xx_hal_rcc.o
 .debug_aranges
                0x0000000000000a50       0x58 ./Drivers/STM32F4xx_HAL_Driver/Src/stm32f4xx_hal_rcc_ex.o
 .debug_aranges
                0x0000000000000aa8      0x3d0 ./Drivers/STM32F4xx_HAL_Driver/Src/stm32f4xx_hal_tim.o
 .debug_aranges
                0x0000000000000e78      0x168 ./Drivers/STM32F4xx_HAL_Driver/Src/stm32f4xx_hal_tim_ex.o
 .debug_aranges
                0x0000000000000fe0      0x200 ./Drivers/STM32F4xx_HAL_Driver/Src/stm32f4xx_hal_uart.o

.debug_ranges   0x0000000000000000     0x1038
 .debug_ranges  0x0000000000000000       0x50 ./Core/Src/boot_config.o
 .debug_ranges  0x0000000000000050       0x78 ./Core/Src/buffer.o
 .debug_ranges  0x00000000000000c8       0x40 ./Core/Src/command.o
 .debug_ranges  0x0000000000000108       0x30 ./Core/Src/flash.o
 .debug_ranges  0x0000000000000138       0x10 ./Core/Src/gpio.o
 .debug_ranges  0x0000000000000148       0x20 ./Core/Src/hex_parser.o
 .debug_ranges  0x0000000000000168       0x10 ./Core/Src/iwdg.o
 .debug_ranges  0x0000000000000178       0x58 ./Core/Src/main.o
 .debug_ranges  0x00000000000001d0       0x30 ./Core/Src/menu.o
 .debug_ranges  0x0000000000000200       0x10 ./Core/Src/stm32f4xx_hal_msp.o
 .debug_ranges  0x0000000000000210       0x60 ./Core/Src/stm32f4xx_it.o
 .debug_ranges  0x0000000000000270       0x10 ./Core/Src/sysmem.o
 .debug_ranges  0x0000000000000280       0x18 ./Core/Src/system_stm32f4xx.o
 .debug_ranges  0x0000000000000298       0x28 ./Core/Src/tim.o
 .debug_ranges  0x00000000000002c0       0x40 ./Core/Src/uart.o
 .debug_ranges  0x0000000000000300       0xb8 ./Core/Src/usart.o
 .debug_ranges  0x00000000000003b8       0x38 ./Core/Src/xmodem.o
 .debug_ranges  0x00000000000003f0       0x20 ./Core/Startup/startup_stm32f427vitx.o
 .debug_ranges  0x0000000000000410       0xf0 ./Drivers/STM32F4xx_HAL_Driver/Src/stm32f4xx_hal.o
 .debug_ranges  0x0000000000000500      0x108 ./Drivers/STM32F4xx_HAL_Driver/Src/stm32f4xx_hal_cortex.o
 .debug_ranges  0x0000000000000608       0x80 ./Drivers/STM32F4xx_HAL_Driver/Src/stm32f4xx_hal_dma.o
 .debug_ranges  0x0000000000000688       0x90 ./Drivers/STM32F4xx_HAL_Driver/Src/stm32f4xx_hal_flash.o
 .debug_ranges  0x0000000000000718       0xc8 ./Drivers/STM32F4xx_HAL_Driver/Src/stm32f4xx_hal_flash_ex.o
 .debug_ranges  0x00000000000007e0       0x48 ./Drivers/STM32F4xx_HAL_Driver/Src/stm32f4xx_hal_gpio.o
 .debug_ranges  0x0000000000000828       0x18 ./Drivers/STM32F4xx_HAL_Driver/Src/stm32f4xx_hal_iwdg.o
 .debug_ranges  0x0000000000000840       0x78 ./Drivers/STM32F4xx_HAL_Driver/Src/stm32f4xx_hal_rcc.o
 .debug_ranges  0x00000000000008b8       0x48 ./Drivers/STM32F4xx_HAL_Driver/Src/stm32f4xx_hal_rcc_ex.o
 .debug_ranges  0x0000000000000900      0x3c0 ./Drivers/STM32F4xx_HAL_Driver/Src/stm32f4xx_hal_tim.o
 .debug_ranges  0x0000000000000cc0      0x158 ./Drivers/STM32F4xx_HAL_Driver/Src/stm32f4xx_hal_tim_ex.o
 .debug_ranges  0x0000000000000e18      0x220 ./Drivers/STM32F4xx_HAL_Driver/Src/stm32f4xx_hal_uart.o

.debug_macro    0x0000000000000000    0x25fad
 .debug_macro   0x0000000000000000      0x392 ./Core/Src/boot_config.o
 .debug_macro   0x0000000000000392      0xa78 ./Core/Src/boot_config.o
 .debug_macro   0x0000000000000e0a       0x22 ./Core/Src/boot_config.o
 .debug_macro   0x0000000000000e2c       0x8e ./Core/Src/boot_config.o
 .debug_macro   0x0000000000000eba       0x51 ./Core/Src/boot_config.o
 .debug_macro   0x0000000000000f0b      0x103 ./Core/Src/boot_config.o
 .debug_macro   0x000000000000100e       0x6a ./Core/Src/boot_config.o
 .debug_macro   0x0000000000001078      0x1df ./Core/Src/boot_config.o
 .debug_macro   0x0000000000001257       0x52 ./Core/Src/boot_config.o
 .debug_macro   0x00000000000012a9       0x1e ./Core/Src/boot_config.o
 .debug_macro   0x00000000000012c7       0x3c ./Core/Src/boot_config.o
 .debug_macro   0x0000000000001303       0x34 ./Core/Src/boot_config.o
 .debug_macro   0x0000000000001337       0x16 ./Core/Src/boot_config.o
 .debug_macro   0x000000000000134d       0x97 ./Core/Src/boot_config.o
 .debug_macro   0x00000000000013e4      0x341 ./Core/Src/boot_config.o
 .debug_macro   0x0000000000001725       0xfd ./Core/Src/boot_config.o
 .debug_macro   0x0000000000001822       0x10 ./Core/Src/boot_config.o
 .debug_macro   0x0000000000001832       0x16 ./Core/Src/boot_config.o
 .debug_macro   0x0000000000001848       0x43 ./Core/Src/boot_config.o
 .debug_macro   0x000000000000188b       0x34 ./Core/Src/boot_config.o
 .debug_macro   0x00000000000018bf       0x10 ./Core/Src/boot_config.o
 .debug_macro   0x00000000000018cf       0x58 ./Core/Src/boot_config.o
 .debug_macro   0x0000000000001927       0x71 ./Core/Src/boot_config.o
 .debug_macro   0x0000000000001998       0x1c ./Core/Src/boot_config.o
 .debug_macro   0x00000000000019b4      0x12a ./Core/Src/boot_config.o
 .debug_macro   0x0000000000001ade       0x10 ./Core/Src/boot_config.o
 .debug_macro   0x0000000000001aee       0x1c ./Core/Src/boot_config.o
 .debug_macro   0x0000000000001b0a       0x52 ./Core/Src/boot_config.o