../LWIP/Target/ethernetif.c:81:6:HAL_ETH_MspInit	64	static
../LWIP/Target/ethernetif.c:133:6:HAL_ETH_MspDeInit	16	static
../LWIP/Target/ethernetif.c:180:13:low_level_init	32	static
../LWIP/Target/ethernetif.c:287:14:low_level_output	48	static
../LWIP/Target/ethernetif.c:371:22:low_level_input	56	static
../LWIP/Target/ethernetif.c:459:6:ethernetif_input	24	static
../LWIP/Target/ethernetif.c:514:7:ethernetif_init	16	static
../LWIP/Target/ethernetif.c:561:7:sys_jiffies	8	static
../LWIP/Target/ethernetif.c:572:7:sys_now	8	static
