../Core/Src/boot_config.c:23:9:isBootRequired	8	static
../Core/Src/boot_config.c:29:7:getVersions	16	static
../Core/Src/boot_config.c:46:10:getLatestApplicationAddress	16	static
../Core/Src/boot_config.c:56:6:updateConfig	24	static
../Core/Src/boot_config.c:71:6:setAppVersion	24	static
../Core/Src/boot_config.c:80:6:setCorrectUpdateFlag	16	static
../Core/Src/boot_config.c:89:6:validateApplications	32	static
../Core/Src/boot_config.c:103:6:EraseNecessarySectors	16	static
../Core/Src/boot_config.c:110:6:jumpToApp	32	static,ignoring_inline_asm
