../Core/Src/boot_config.c:22:7:getVersions	16	static
../Core/Src/boot_config.c:39:10:getLatestApplicationAddress	16	static
../Core/Src/boot_config.c:49:6:updateConfig	24	static
../Core/Src/boot_config.c:66:6:rollbackConfig	16	static
../Core/Src/boot_config.c:74:6:validateApplications	24	static
../Core/Src/boot_config.c:85:6:jumpToApp	32	static,ignoring_inline_asm
../Core/Src/boot_config.c:135:6:eraseLogicalBank1	8	static
../Core/Src/boot_config.c:147:6:eraseLogicalBank2	8	static
../Core/Src/boot_config.c:161:6:eraseLogicalBank	16	static
