../Drivers/CMSIS/Include/core_cm4.h:1939:34:__NVIC_SystemReset	4	static,ignoring_inline_asm
../Core/Src/main.c:92:5:main	16	static
../Core/Src/main.c:161:6:SystemClock_Config	88	static
../Core/Src/main.c:212:14:jumpToUserApp	8	static
../Core/Src/main.c:222:14:getHelpInfo	4	static
../Core/Src/main.c:231:14:downloadFirmware	24	static
../Core/Src/main.c:250:14:getAppVersions	8	static
../Core/Src/main.c:255:14:eraseConfigs	8	static
../Core/Src/main.c:261:6:changeInterface	8	static
../Core/Src/main.c:268:13:receiveAndSendChar	16	static
../Core/Src/main.c:279:13:sendCommandResult	16	static
../Core/Src/main.c:285:13:sendMessage	16	static
../Core/Src/main.c:289:6:switchCurrentInterfaceFlag	4	static
../Core/Src/main.c:302:6:Error_Handler	4	static
