../Drivers/CMSIS/Include/core_cm4.h:1939:34:__NVIC_SystemReset	4	static,ignoring_inline_asm
../Core/Src/main.c:93:5:main	16	static
../Core/Src/main.c:166:6:SystemClock_Config	88	static
../Core/Src/main.c:217:14:jumpToUserApp	8	static
../Core/Src/main.c:231:14:getHelpInfo	4	static
../Core/Src/main.c:239:14:downloadFirmware	24	static
../Core/Src/main.c:269:14:getAppVersions	8	static
../Core/Src/main.c:277:14:eraseConfigs	8	static
../Core/Src/main.c:286:13:receiveAndSendChar	16	static
../Core/Src/main.c:297:13:sendCommandResult	16	static
../Core/Src/main.c:303:13:sendMessage	16	static
../Core/Src/main.c:307:6:blockInput	4	static
../Core/Src/main.c:311:6:unblockInput	4	static
../Core/Src/main.c:315:9:isInputBlocked	4	static
../Core/Src/main.c:324:6:Error_Handler	4	static
