../Core/Src/usart.c:50:6:MX_USART6_UART_Init	8	static
../Core/Src/usart.c:78:6:HAL_UART_MspInit	48	static
../Core/Src/usart.c:111:6:HAL_UART_MspDeInit	16	static
../Core/Src/usart.c:138:10:uartTransmit	24	static
../Core/Src/usart.c:148:9:uartTransmitChar	24	static
../Core/Src/usart.c:158:9:uartHasNext	8	static
../Core/Src/usart.c:162:6:uartInit	8	static
../Core/Src/usart.c:167:6:uartPooling	8	static
../Core/Src/usart.c:174:10:uartReceive	24	static
../Core/Src/usart.c:182:6:uartEnableInterruption	8	static
../Core/Src/usart.c:189:6:uartDisableInterruption	8	static
../Core/Src/usart.c:194:9:uartIsInterruptionEnabled	4	static
../Core/Src/usart.c:198:13:hardwareReceive	16	static
../Core/Src/usart.c:209:13:hardwareReceiveIT	8	static
../Core/Src/usart.c:213:13:hardwareTransmitIT	16	static
../Core/Src/usart.c:224:13:hardwareTransmit	16	static
../Core/Src/usart.c:232:13:uartReceiveIntCallback	16	static
../Core/Src/usart.c:241:13:uartTransmitIntCallback	8	static
../Core/Src/usart.c:247:10:rxBufferGetSize	8	static
../Core/Src/usart.c:251:9:rxBufferPop	8	static
../Core/Src/usart.c:255:10:rxBufToProgBuf	24	static
../Core/Src/usart.c:259:9:isRxStarted	4	static
