../Core/Src/usart.c:50:6:MX_USART6_UART_Init	8	static
../Core/Src/usart.c:78:6:HAL_UART_MspInit	48	static
../Core/Src/usart.c:111:6:HAL_UART_MspDeInit	16	static
../Core/Src/usart.c:138:10:uartTransmit	24	static
../Core/Src/usart.c:148:9:uartHasNext	8	static
../Core/Src/usart.c:152:6:uartInit	8	static
../Core/Src/usart.c:157:6:uartPooling	8	static
../Core/Src/usart.c:164:10:uartReceive	24	static
../Core/Src/usart.c:172:6:uartEnableInterruption	8	static
../Core/Src/usart.c:179:6:uartDisableInterruption	8	static
../Core/Src/usart.c:184:9:uartIsInterruptionEnabled	4	static
../Core/Src/usart.c:188:13:hardwareReceive	16	static
../Core/Src/usart.c:199:13:hardwareReceiveIT	8	static
../Core/Src/usart.c:203:13:hardwareTransmitIT	16	static
../Core/Src/usart.c:214:13:hardwareTransmit	16	static
../Core/Src/usart.c:222:13:uartReceiveIntCallback	16	static
../Core/Src/usart.c:233:13:uartTransmitIntCallback	8	static
../Core/Src/usart.c:239:10:rxBufferGetSize	8	static
../Core/Src/usart.c:243:9:rxBufferPop	8	static
../Core/Src/usart.c:247:10:rxBufToFlashBuf	24	static
../Core/Src/usart.c:251:9:isRxStarted	4	static
